[2025-09-09T19:07:07.361+0000] {processor.py:161} INFO - Started process (PID=173) to work on /opt/airflow/dags/steam_pipeline_dag.py
[2025-09-09T19:07:07.363+0000] {processor.py:830} INFO - Processing file /opt/airflow/dags/steam_pipeline_dag.py for tasks to queue
[2025-09-09T19:07:07.365+0000] {logging_mixin.py:188} INFO - [2025-09-09T19:07:07.365+0000] {dagbag.py:545} INFO - Filling up the DagBag from /opt/airflow/dags/steam_pipeline_dag.py
[2025-09-09T19:07:07.438+0000] {logging_mixin.py:188} INFO - [2025-09-09T19:07:07.431+0000] {dagbag.py:355} ERROR - Failed to import: /opt/airflow/dags/steam_pipeline_dag.py
Traceback (most recent call last):
  File "/home/airflow/.local/lib/python3.12/site-packages/airflow/models/dagbag.py", line 351, in parse
    loader.exec_module(new_module)
  File "<frozen importlib._bootstrap_external>", line 995, in exec_module
  File "<frozen importlib._bootstrap>", line 488, in _call_with_frames_removed
  File "/opt/airflow/dags/steam_pipeline_dag.py", line 13, in <module>
    from etl.bronze_extract import extract_app
  File "/opt/airflow/etl/bronze_extract.py", line 3, in <module>
    from tqdm import tqdm
ModuleNotFoundError: No module named 'tqdm'
[2025-09-09T19:07:07.442+0000] {processor.py:842} WARNING - No viable dags retrieved from /opt/airflow/dags/steam_pipeline_dag.py
[2025-09-09T19:07:07.457+0000] {processor.py:183} INFO - Processing /opt/airflow/dags/steam_pipeline_dag.py took 0.101 seconds
[2025-09-09T19:07:37.738+0000] {processor.py:161} INFO - Started process (PID=174) to work on /opt/airflow/dags/steam_pipeline_dag.py
[2025-09-09T19:07:37.740+0000] {processor.py:830} INFO - Processing file /opt/airflow/dags/steam_pipeline_dag.py for tasks to queue
[2025-09-09T19:07:37.743+0000] {logging_mixin.py:188} INFO - [2025-09-09T19:07:37.743+0000] {dagbag.py:545} INFO - Filling up the DagBag from /opt/airflow/dags/steam_pipeline_dag.py
[2025-09-09T19:07:37.825+0000] {logging_mixin.py:188} INFO - [2025-09-09T19:07:37.817+0000] {dagbag.py:355} ERROR - Failed to import: /opt/airflow/dags/steam_pipeline_dag.py
Traceback (most recent call last):
  File "/home/airflow/.local/lib/python3.12/site-packages/airflow/models/dagbag.py", line 351, in parse
    loader.exec_module(new_module)
  File "<frozen importlib._bootstrap_external>", line 995, in exec_module
  File "<frozen importlib._bootstrap>", line 488, in _call_with_frames_removed
  File "/opt/airflow/dags/steam_pipeline_dag.py", line 13, in <module>
    from etl.bronze_extract import extract_app
  File "/opt/airflow/etl/bronze_extract.py", line 3, in <module>
    from tqdm import tqdm
ModuleNotFoundError: No module named 'tqdm'
[2025-09-09T19:07:37.829+0000] {processor.py:842} WARNING - No viable dags retrieved from /opt/airflow/dags/steam_pipeline_dag.py
[2025-09-09T19:07:37.847+0000] {processor.py:183} INFO - Processing /opt/airflow/dags/steam_pipeline_dag.py took 0.116 seconds
[2025-09-09T19:08:08.068+0000] {processor.py:161} INFO - Started process (PID=175) to work on /opt/airflow/dags/steam_pipeline_dag.py
[2025-09-09T19:08:08.069+0000] {processor.py:830} INFO - Processing file /opt/airflow/dags/steam_pipeline_dag.py for tasks to queue
[2025-09-09T19:08:08.070+0000] {logging_mixin.py:188} INFO - [2025-09-09T19:08:08.070+0000] {dagbag.py:545} INFO - Filling up the DagBag from /opt/airflow/dags/steam_pipeline_dag.py
[2025-09-09T19:08:08.108+0000] {logging_mixin.py:188} INFO - [2025-09-09T19:08:08.103+0000] {dagbag.py:355} ERROR - Failed to import: /opt/airflow/dags/steam_pipeline_dag.py
Traceback (most recent call last):
  File "/home/airflow/.local/lib/python3.12/site-packages/airflow/models/dagbag.py", line 351, in parse
    loader.exec_module(new_module)
  File "<frozen importlib._bootstrap_external>", line 995, in exec_module
  File "<frozen importlib._bootstrap>", line 488, in _call_with_frames_removed
  File "/opt/airflow/dags/steam_pipeline_dag.py", line 13, in <module>
    from etl.bronze_extract import extract_app
  File "/opt/airflow/etl/bronze_extract.py", line 3, in <module>
    from tqdm import tqdm
ModuleNotFoundError: No module named 'tqdm'
[2025-09-09T19:08:08.146+0000] {processor.py:842} WARNING - No viable dags retrieved from /opt/airflow/dags/steam_pipeline_dag.py
[2025-09-09T19:08:08.169+0000] {processor.py:183} INFO - Processing /opt/airflow/dags/steam_pipeline_dag.py took 0.106 seconds
[2025-09-09T19:08:38.410+0000] {processor.py:161} INFO - Started process (PID=176) to work on /opt/airflow/dags/steam_pipeline_dag.py
[2025-09-09T19:08:38.410+0000] {processor.py:830} INFO - Processing file /opt/airflow/dags/steam_pipeline_dag.py for tasks to queue
[2025-09-09T19:08:38.412+0000] {logging_mixin.py:188} INFO - [2025-09-09T19:08:38.412+0000] {dagbag.py:545} INFO - Filling up the DagBag from /opt/airflow/dags/steam_pipeline_dag.py
[2025-09-09T19:08:38.459+0000] {logging_mixin.py:188} INFO - [2025-09-09T19:08:38.452+0000] {dagbag.py:355} ERROR - Failed to import: /opt/airflow/dags/steam_pipeline_dag.py
Traceback (most recent call last):
  File "/home/airflow/.local/lib/python3.12/site-packages/airflow/models/dagbag.py", line 351, in parse
    loader.exec_module(new_module)
  File "<frozen importlib._bootstrap_external>", line 995, in exec_module
  File "<frozen importlib._bootstrap>", line 488, in _call_with_frames_removed
  File "/opt/airflow/dags/steam_pipeline_dag.py", line 13, in <module>
    from etl.bronze_extract import extract_app
  File "/opt/airflow/etl/bronze_extract.py", line 3, in <module>
    from tqdm import tqdm
ModuleNotFoundError: No module named 'tqdm'
[2025-09-09T19:08:38.461+0000] {processor.py:842} WARNING - No viable dags retrieved from /opt/airflow/dags/steam_pipeline_dag.py
[2025-09-09T19:08:38.473+0000] {processor.py:183} INFO - Processing /opt/airflow/dags/steam_pipeline_dag.py took 0.068 seconds
[2025-09-09T19:09:08.660+0000] {processor.py:161} INFO - Started process (PID=177) to work on /opt/airflow/dags/steam_pipeline_dag.py
[2025-09-09T19:09:08.661+0000] {processor.py:830} INFO - Processing file /opt/airflow/dags/steam_pipeline_dag.py for tasks to queue
[2025-09-09T19:09:08.662+0000] {logging_mixin.py:188} INFO - [2025-09-09T19:09:08.662+0000] {dagbag.py:545} INFO - Filling up the DagBag from /opt/airflow/dags/steam_pipeline_dag.py
[2025-09-09T19:09:08.700+0000] {logging_mixin.py:188} INFO - [2025-09-09T19:09:08.695+0000] {dagbag.py:355} ERROR - Failed to import: /opt/airflow/dags/steam_pipeline_dag.py
Traceback (most recent call last):
  File "/home/airflow/.local/lib/python3.12/site-packages/airflow/models/dagbag.py", line 351, in parse
    loader.exec_module(new_module)
  File "<frozen importlib._bootstrap_external>", line 995, in exec_module
  File "<frozen importlib._bootstrap>", line 488, in _call_with_frames_removed
  File "/opt/airflow/dags/steam_pipeline_dag.py", line 13, in <module>
    from etl.bronze_extract import extract_app
  File "/opt/airflow/etl/bronze_extract.py", line 3, in <module>
    from tqdm import tqdm
ModuleNotFoundError: No module named 'tqdm'
[2025-09-09T19:09:08.701+0000] {processor.py:842} WARNING - No viable dags retrieved from /opt/airflow/dags/steam_pipeline_dag.py
[2025-09-09T19:09:08.716+0000] {processor.py:183} INFO - Processing /opt/airflow/dags/steam_pipeline_dag.py took 0.060 seconds
[2025-09-09T19:09:38.913+0000] {processor.py:161} INFO - Started process (PID=178) to work on /opt/airflow/dags/steam_pipeline_dag.py
[2025-09-09T19:09:38.931+0000] {processor.py:830} INFO - Processing file /opt/airflow/dags/steam_pipeline_dag.py for tasks to queue
[2025-09-09T19:09:38.947+0000] {logging_mixin.py:188} INFO - [2025-09-09T19:09:38.947+0000] {dagbag.py:545} INFO - Filling up the DagBag from /opt/airflow/dags/steam_pipeline_dag.py
[2025-09-09T19:09:39.111+0000] {logging_mixin.py:188} INFO - [2025-09-09T19:09:39.100+0000] {dagbag.py:355} ERROR - Failed to import: /opt/airflow/dags/steam_pipeline_dag.py
Traceback (most recent call last):
  File "/home/airflow/.local/lib/python3.12/site-packages/airflow/models/dagbag.py", line 351, in parse
    loader.exec_module(new_module)
  File "<frozen importlib._bootstrap_external>", line 995, in exec_module
  File "<frozen importlib._bootstrap>", line 488, in _call_with_frames_removed
  File "/opt/airflow/dags/steam_pipeline_dag.py", line 13, in <module>
    from etl.bronze_extract import extract_app
  File "/opt/airflow/etl/bronze_extract.py", line 3, in <module>
    from tqdm import tqdm
ModuleNotFoundError: No module named 'tqdm'
[2025-09-09T19:09:39.115+0000] {processor.py:842} WARNING - No viable dags retrieved from /opt/airflow/dags/steam_pipeline_dag.py
[2025-09-09T19:09:39.138+0000] {processor.py:183} INFO - Processing /opt/airflow/dags/steam_pipeline_dag.py took 0.231 seconds
[2025-09-09T19:10:09.355+0000] {processor.py:161} INFO - Started process (PID=179) to work on /opt/airflow/dags/steam_pipeline_dag.py
[2025-09-09T19:10:09.356+0000] {processor.py:830} INFO - Processing file /opt/airflow/dags/steam_pipeline_dag.py for tasks to queue
[2025-09-09T19:10:09.358+0000] {logging_mixin.py:188} INFO - [2025-09-09T19:10:09.357+0000] {dagbag.py:545} INFO - Filling up the DagBag from /opt/airflow/dags/steam_pipeline_dag.py
[2025-09-09T19:10:09.474+0000] {logging_mixin.py:188} INFO - [2025-09-09T19:10:09.455+0000] {dagbag.py:355} ERROR - Failed to import: /opt/airflow/dags/steam_pipeline_dag.py
Traceback (most recent call last):
  File "/home/airflow/.local/lib/python3.12/site-packages/airflow/models/dagbag.py", line 351, in parse
    loader.exec_module(new_module)
  File "<frozen importlib._bootstrap_external>", line 995, in exec_module
  File "<frozen importlib._bootstrap>", line 488, in _call_with_frames_removed
  File "/opt/airflow/dags/steam_pipeline_dag.py", line 13, in <module>
    from etl.bronze_extract import extract_app
  File "/opt/airflow/etl/bronze_extract.py", line 3, in <module>
    from tqdm import tqdm
ModuleNotFoundError: No module named 'tqdm'
[2025-09-09T19:10:09.477+0000] {processor.py:842} WARNING - No viable dags retrieved from /opt/airflow/dags/steam_pipeline_dag.py
[2025-09-09T19:10:09.493+0000] {processor.py:183} INFO - Processing /opt/airflow/dags/steam_pipeline_dag.py took 0.144 seconds
[2025-09-09T19:10:39.721+0000] {processor.py:161} INFO - Started process (PID=180) to work on /opt/airflow/dags/steam_pipeline_dag.py
[2025-09-09T19:10:39.722+0000] {processor.py:830} INFO - Processing file /opt/airflow/dags/steam_pipeline_dag.py for tasks to queue
[2025-09-09T19:10:39.724+0000] {logging_mixin.py:188} INFO - [2025-09-09T19:10:39.724+0000] {dagbag.py:545} INFO - Filling up the DagBag from /opt/airflow/dags/steam_pipeline_dag.py
[2025-09-09T19:10:39.779+0000] {logging_mixin.py:188} INFO - [2025-09-09T19:10:39.772+0000] {dagbag.py:355} ERROR - Failed to import: /opt/airflow/dags/steam_pipeline_dag.py
Traceback (most recent call last):
  File "/home/airflow/.local/lib/python3.12/site-packages/airflow/models/dagbag.py", line 351, in parse
    loader.exec_module(new_module)
  File "<frozen importlib._bootstrap_external>", line 995, in exec_module
  File "<frozen importlib._bootstrap>", line 488, in _call_with_frames_removed
  File "/opt/airflow/dags/steam_pipeline_dag.py", line 13, in <module>
    from etl.bronze_extract import extract_app
  File "/opt/airflow/etl/bronze_extract.py", line 3, in <module>
    from tqdm import tqdm
ModuleNotFoundError: No module named 'tqdm'
[2025-09-09T19:10:39.781+0000] {processor.py:842} WARNING - No viable dags retrieved from /opt/airflow/dags/steam_pipeline_dag.py
[2025-09-09T19:10:39.796+0000] {processor.py:183} INFO - Processing /opt/airflow/dags/steam_pipeline_dag.py took 0.079 seconds
[2025-09-09T19:11:09.977+0000] {processor.py:161} INFO - Started process (PID=181) to work on /opt/airflow/dags/steam_pipeline_dag.py
[2025-09-09T19:11:09.978+0000] {processor.py:830} INFO - Processing file /opt/airflow/dags/steam_pipeline_dag.py for tasks to queue
[2025-09-09T19:11:09.980+0000] {logging_mixin.py:188} INFO - [2025-09-09T19:11:09.980+0000] {dagbag.py:545} INFO - Filling up the DagBag from /opt/airflow/dags/steam_pipeline_dag.py
[2025-09-09T19:11:10.047+0000] {logging_mixin.py:188} INFO - [2025-09-09T19:11:10.039+0000] {dagbag.py:355} ERROR - Failed to import: /opt/airflow/dags/steam_pipeline_dag.py
Traceback (most recent call last):
  File "/home/airflow/.local/lib/python3.12/site-packages/airflow/models/dagbag.py", line 351, in parse
    loader.exec_module(new_module)
  File "<frozen importlib._bootstrap_external>", line 995, in exec_module
  File "<frozen importlib._bootstrap>", line 488, in _call_with_frames_removed
  File "/opt/airflow/dags/steam_pipeline_dag.py", line 13, in <module>
    from etl.bronze_extract import extract_app
  File "/opt/airflow/etl/bronze_extract.py", line 3, in <module>
    from tqdm import tqdm
ModuleNotFoundError: No module named 'tqdm'
[2025-09-09T19:11:10.049+0000] {processor.py:842} WARNING - No viable dags retrieved from /opt/airflow/dags/steam_pipeline_dag.py
[2025-09-09T19:11:10.070+0000] {processor.py:183} INFO - Processing /opt/airflow/dags/steam_pipeline_dag.py took 0.097 seconds
[2025-09-09T19:11:40.316+0000] {processor.py:161} INFO - Started process (PID=182) to work on /opt/airflow/dags/steam_pipeline_dag.py
[2025-09-09T19:11:40.317+0000] {processor.py:830} INFO - Processing file /opt/airflow/dags/steam_pipeline_dag.py for tasks to queue
[2025-09-09T19:11:40.319+0000] {logging_mixin.py:188} INFO - [2025-09-09T19:11:40.319+0000] {dagbag.py:545} INFO - Filling up the DagBag from /opt/airflow/dags/steam_pipeline_dag.py
[2025-09-09T19:11:40.381+0000] {logging_mixin.py:188} INFO - [2025-09-09T19:11:40.365+0000] {dagbag.py:355} ERROR - Failed to import: /opt/airflow/dags/steam_pipeline_dag.py
Traceback (most recent call last):
  File "/home/airflow/.local/lib/python3.12/site-packages/airflow/models/dagbag.py", line 351, in parse
    loader.exec_module(new_module)
  File "<frozen importlib._bootstrap_external>", line 995, in exec_module
  File "<frozen importlib._bootstrap>", line 488, in _call_with_frames_removed
  File "/opt/airflow/dags/steam_pipeline_dag.py", line 13, in <module>
    from etl.bronze_extract import extract_app
  File "/opt/airflow/etl/bronze_extract.py", line 3, in <module>
    from tqdm import tqdm
ModuleNotFoundError: No module named 'tqdm'
[2025-09-09T19:11:40.382+0000] {processor.py:842} WARNING - No viable dags retrieved from /opt/airflow/dags/steam_pipeline_dag.py
[2025-09-09T19:11:40.396+0000] {processor.py:183} INFO - Processing /opt/airflow/dags/steam_pipeline_dag.py took 0.085 seconds
[2025-09-09T19:12:10.608+0000] {processor.py:161} INFO - Started process (PID=183) to work on /opt/airflow/dags/steam_pipeline_dag.py
[2025-09-09T19:12:10.609+0000] {processor.py:830} INFO - Processing file /opt/airflow/dags/steam_pipeline_dag.py for tasks to queue
[2025-09-09T19:12:10.610+0000] {logging_mixin.py:188} INFO - [2025-09-09T19:12:10.610+0000] {dagbag.py:545} INFO - Filling up the DagBag from /opt/airflow/dags/steam_pipeline_dag.py
[2025-09-09T19:12:10.656+0000] {logging_mixin.py:188} INFO - [2025-09-09T19:12:10.651+0000] {dagbag.py:355} ERROR - Failed to import: /opt/airflow/dags/steam_pipeline_dag.py
Traceback (most recent call last):
  File "/home/airflow/.local/lib/python3.12/site-packages/airflow/models/dagbag.py", line 351, in parse
    loader.exec_module(new_module)
  File "<frozen importlib._bootstrap_external>", line 995, in exec_module
  File "<frozen importlib._bootstrap>", line 488, in _call_with_frames_removed
  File "/opt/airflow/dags/steam_pipeline_dag.py", line 13, in <module>
    from etl.bronze_extract import extract_app
  File "/opt/airflow/etl/bronze_extract.py", line 3, in <module>
    from tqdm import tqdm
ModuleNotFoundError: No module named 'tqdm'
[2025-09-09T19:12:10.658+0000] {processor.py:842} WARNING - No viable dags retrieved from /opt/airflow/dags/steam_pipeline_dag.py
[2025-09-09T19:12:10.672+0000] {processor.py:183} INFO - Processing /opt/airflow/dags/steam_pipeline_dag.py took 0.069 seconds
[2025-09-09T19:12:40.800+0000] {processor.py:161} INFO - Started process (PID=184) to work on /opt/airflow/dags/steam_pipeline_dag.py
[2025-09-09T19:12:40.809+0000] {processor.py:830} INFO - Processing file /opt/airflow/dags/steam_pipeline_dag.py for tasks to queue
[2025-09-09T19:12:40.812+0000] {logging_mixin.py:188} INFO - [2025-09-09T19:12:40.811+0000] {dagbag.py:545} INFO - Filling up the DagBag from /opt/airflow/dags/steam_pipeline_dag.py
[2025-09-09T19:12:40.853+0000] {logging_mixin.py:188} INFO - [2025-09-09T19:12:40.849+0000] {dagbag.py:355} ERROR - Failed to import: /opt/airflow/dags/steam_pipeline_dag.py
Traceback (most recent call last):
  File "/home/airflow/.local/lib/python3.12/site-packages/airflow/models/dagbag.py", line 351, in parse
    loader.exec_module(new_module)
  File "<frozen importlib._bootstrap_external>", line 995, in exec_module
  File "<frozen importlib._bootstrap>", line 488, in _call_with_frames_removed
  File "/opt/airflow/dags/steam_pipeline_dag.py", line 13, in <module>
    from etl.bronze_extract import extract_app
  File "/opt/airflow/etl/bronze_extract.py", line 3, in <module>
    from tqdm import tqdm
ModuleNotFoundError: No module named 'tqdm'
[2025-09-09T19:12:40.855+0000] {processor.py:842} WARNING - No viable dags retrieved from /opt/airflow/dags/steam_pipeline_dag.py
[2025-09-09T19:12:40.868+0000] {processor.py:183} INFO - Processing /opt/airflow/dags/steam_pipeline_dag.py took 0.073 seconds
[2025-09-09T19:13:11.059+0000] {processor.py:161} INFO - Started process (PID=185) to work on /opt/airflow/dags/steam_pipeline_dag.py
[2025-09-09T19:13:11.061+0000] {processor.py:830} INFO - Processing file /opt/airflow/dags/steam_pipeline_dag.py for tasks to queue
[2025-09-09T19:13:11.063+0000] {logging_mixin.py:188} INFO - [2025-09-09T19:13:11.062+0000] {dagbag.py:545} INFO - Filling up the DagBag from /opt/airflow/dags/steam_pipeline_dag.py
[2025-09-09T19:13:11.132+0000] {logging_mixin.py:188} INFO - [2025-09-09T19:13:11.125+0000] {dagbag.py:355} ERROR - Failed to import: /opt/airflow/dags/steam_pipeline_dag.py
Traceback (most recent call last):
  File "/home/airflow/.local/lib/python3.12/site-packages/airflow/models/dagbag.py", line 351, in parse
    loader.exec_module(new_module)
  File "<frozen importlib._bootstrap_external>", line 995, in exec_module
  File "<frozen importlib._bootstrap>", line 488, in _call_with_frames_removed
  File "/opt/airflow/dags/steam_pipeline_dag.py", line 13, in <module>
    from etl.bronze_extract import extract_app
  File "/opt/airflow/etl/bronze_extract.py", line 3, in <module>
    from tqdm import tqdm
ModuleNotFoundError: No module named 'tqdm'
[2025-09-09T19:13:11.134+0000] {processor.py:842} WARNING - No viable dags retrieved from /opt/airflow/dags/steam_pipeline_dag.py
[2025-09-09T19:13:11.149+0000] {processor.py:183} INFO - Processing /opt/airflow/dags/steam_pipeline_dag.py took 0.094 seconds
[2025-09-09T19:13:41.406+0000] {processor.py:161} INFO - Started process (PID=186) to work on /opt/airflow/dags/steam_pipeline_dag.py
[2025-09-09T19:13:41.407+0000] {processor.py:830} INFO - Processing file /opt/airflow/dags/steam_pipeline_dag.py for tasks to queue
[2025-09-09T19:13:41.409+0000] {logging_mixin.py:188} INFO - [2025-09-09T19:13:41.409+0000] {dagbag.py:545} INFO - Filling up the DagBag from /opt/airflow/dags/steam_pipeline_dag.py
[2025-09-09T19:13:41.554+0000] {logging_mixin.py:188} INFO - [2025-09-09T19:13:41.526+0000] {dagbag.py:355} ERROR - Failed to import: /opt/airflow/dags/steam_pipeline_dag.py
Traceback (most recent call last):
  File "/home/airflow/.local/lib/python3.12/site-packages/airflow/models/dagbag.py", line 351, in parse
    loader.exec_module(new_module)
  File "<frozen importlib._bootstrap_external>", line 995, in exec_module
  File "<frozen importlib._bootstrap>", line 488, in _call_with_frames_removed
  File "/opt/airflow/dags/steam_pipeline_dag.py", line 13, in <module>
    from etl.bronze_extract import extract_app
  File "/opt/airflow/etl/bronze_extract.py", line 3, in <module>
    from tqdm import tqdm
ModuleNotFoundError: No module named 'tqdm'
[2025-09-09T19:13:41.561+0000] {processor.py:842} WARNING - No viable dags retrieved from /opt/airflow/dags/steam_pipeline_dag.py
[2025-09-09T19:13:41.577+0000] {processor.py:183} INFO - Processing /opt/airflow/dags/steam_pipeline_dag.py took 0.176 seconds
[2025-09-09T19:14:11.832+0000] {processor.py:161} INFO - Started process (PID=187) to work on /opt/airflow/dags/steam_pipeline_dag.py
[2025-09-09T19:14:11.833+0000] {processor.py:830} INFO - Processing file /opt/airflow/dags/steam_pipeline_dag.py for tasks to queue
[2025-09-09T19:14:11.835+0000] {logging_mixin.py:188} INFO - [2025-09-09T19:14:11.835+0000] {dagbag.py:545} INFO - Filling up the DagBag from /opt/airflow/dags/steam_pipeline_dag.py
[2025-09-09T19:14:11.906+0000] {logging_mixin.py:188} INFO - [2025-09-09T19:14:11.897+0000] {dagbag.py:355} ERROR - Failed to import: /opt/airflow/dags/steam_pipeline_dag.py
Traceback (most recent call last):
  File "/home/airflow/.local/lib/python3.12/site-packages/airflow/models/dagbag.py", line 351, in parse
    loader.exec_module(new_module)
  File "<frozen importlib._bootstrap_external>", line 995, in exec_module
  File "<frozen importlib._bootstrap>", line 488, in _call_with_frames_removed
  File "/opt/airflow/dags/steam_pipeline_dag.py", line 13, in <module>
    from etl.bronze_extract import extract_app
  File "/opt/airflow/etl/bronze_extract.py", line 3, in <module>
    from tqdm import tqdm
ModuleNotFoundError: No module named 'tqdm'
[2025-09-09T19:14:11.909+0000] {processor.py:842} WARNING - No viable dags retrieved from /opt/airflow/dags/steam_pipeline_dag.py
[2025-09-09T19:14:11.925+0000] {processor.py:183} INFO - Processing /opt/airflow/dags/steam_pipeline_dag.py took 0.097 seconds
[2025-09-09T19:14:42.252+0000] {processor.py:161} INFO - Started process (PID=188) to work on /opt/airflow/dags/steam_pipeline_dag.py
[2025-09-09T19:14:42.253+0000] {processor.py:830} INFO - Processing file /opt/airflow/dags/steam_pipeline_dag.py for tasks to queue
[2025-09-09T19:14:42.255+0000] {logging_mixin.py:188} INFO - [2025-09-09T19:14:42.254+0000] {dagbag.py:545} INFO - Filling up the DagBag from /opt/airflow/dags/steam_pipeline_dag.py
[2025-09-09T19:14:42.328+0000] {logging_mixin.py:188} INFO - [2025-09-09T19:14:42.318+0000] {dagbag.py:355} ERROR - Failed to import: /opt/airflow/dags/steam_pipeline_dag.py
Traceback (most recent call last):
  File "/home/airflow/.local/lib/python3.12/site-packages/airflow/models/dagbag.py", line 351, in parse
    loader.exec_module(new_module)
  File "<frozen importlib._bootstrap_external>", line 995, in exec_module
  File "<frozen importlib._bootstrap>", line 488, in _call_with_frames_removed
  File "/opt/airflow/dags/steam_pipeline_dag.py", line 13, in <module>
    from etl.bronze_extract import extract_app
  File "/opt/airflow/etl/bronze_extract.py", line 3, in <module>
    from tqdm import tqdm
ModuleNotFoundError: No module named 'tqdm'
[2025-09-09T19:14:42.331+0000] {processor.py:842} WARNING - No viable dags retrieved from /opt/airflow/dags/steam_pipeline_dag.py
[2025-09-09T19:14:42.346+0000] {processor.py:183} INFO - Processing /opt/airflow/dags/steam_pipeline_dag.py took 0.099 seconds
[2025-09-09T19:15:12.688+0000] {processor.py:161} INFO - Started process (PID=189) to work on /opt/airflow/dags/steam_pipeline_dag.py
[2025-09-09T19:15:12.689+0000] {processor.py:830} INFO - Processing file /opt/airflow/dags/steam_pipeline_dag.py for tasks to queue
[2025-09-09T19:15:12.691+0000] {logging_mixin.py:188} INFO - [2025-09-09T19:15:12.691+0000] {dagbag.py:545} INFO - Filling up the DagBag from /opt/airflow/dags/steam_pipeline_dag.py
[2025-09-09T19:15:12.764+0000] {logging_mixin.py:188} INFO - [2025-09-09T19:15:12.757+0000] {dagbag.py:355} ERROR - Failed to import: /opt/airflow/dags/steam_pipeline_dag.py
Traceback (most recent call last):
  File "/home/airflow/.local/lib/python3.12/site-packages/airflow/models/dagbag.py", line 351, in parse
    loader.exec_module(new_module)
  File "<frozen importlib._bootstrap_external>", line 995, in exec_module
  File "<frozen importlib._bootstrap>", line 488, in _call_with_frames_removed
  File "/opt/airflow/dags/steam_pipeline_dag.py", line 13, in <module>
    from etl.bronze_extract import extract_app
  File "/opt/airflow/etl/bronze_extract.py", line 3, in <module>
    from tqdm import tqdm
ModuleNotFoundError: No module named 'tqdm'
[2025-09-09T19:15:12.767+0000] {processor.py:842} WARNING - No viable dags retrieved from /opt/airflow/dags/steam_pipeline_dag.py
[2025-09-09T19:15:12.790+0000] {processor.py:183} INFO - Processing /opt/airflow/dags/steam_pipeline_dag.py took 0.107 seconds
[2025-09-09T19:15:43.215+0000] {processor.py:161} INFO - Started process (PID=190) to work on /opt/airflow/dags/steam_pipeline_dag.py
[2025-09-09T19:15:43.217+0000] {processor.py:830} INFO - Processing file /opt/airflow/dags/steam_pipeline_dag.py for tasks to queue
[2025-09-09T19:15:43.220+0000] {logging_mixin.py:188} INFO - [2025-09-09T19:15:43.220+0000] {dagbag.py:545} INFO - Filling up the DagBag from /opt/airflow/dags/steam_pipeline_dag.py
[2025-09-09T19:15:43.276+0000] {logging_mixin.py:188} INFO - [2025-09-09T19:15:43.269+0000] {dagbag.py:355} ERROR - Failed to import: /opt/airflow/dags/steam_pipeline_dag.py
Traceback (most recent call last):
  File "/home/airflow/.local/lib/python3.12/site-packages/airflow/models/dagbag.py", line 351, in parse
    loader.exec_module(new_module)
  File "<frozen importlib._bootstrap_external>", line 995, in exec_module
  File "<frozen importlib._bootstrap>", line 488, in _call_with_frames_removed
  File "/opt/airflow/dags/steam_pipeline_dag.py", line 13, in <module>
    from etl.bronze_extract import extract_app
  File "/opt/airflow/etl/bronze_extract.py", line 3, in <module>
    from tqdm import tqdm
ModuleNotFoundError: No module named 'tqdm'
[2025-09-09T19:15:43.279+0000] {processor.py:842} WARNING - No viable dags retrieved from /opt/airflow/dags/steam_pipeline_dag.py
[2025-09-09T19:15:43.295+0000] {processor.py:183} INFO - Processing /opt/airflow/dags/steam_pipeline_dag.py took 0.088 seconds
[2025-09-09T19:16:13.782+0000] {processor.py:161} INFO - Started process (PID=191) to work on /opt/airflow/dags/steam_pipeline_dag.py
[2025-09-09T19:16:13.784+0000] {processor.py:830} INFO - Processing file /opt/airflow/dags/steam_pipeline_dag.py for tasks to queue
[2025-09-09T19:16:13.786+0000] {logging_mixin.py:188} INFO - [2025-09-09T19:16:13.786+0000] {dagbag.py:545} INFO - Filling up the DagBag from /opt/airflow/dags/steam_pipeline_dag.py
[2025-09-09T19:16:13.831+0000] {logging_mixin.py:188} INFO - [2025-09-09T19:16:13.825+0000] {dagbag.py:355} ERROR - Failed to import: /opt/airflow/dags/steam_pipeline_dag.py
Traceback (most recent call last):
  File "/home/airflow/.local/lib/python3.12/site-packages/airflow/models/dagbag.py", line 351, in parse
    loader.exec_module(new_module)
  File "<frozen importlib._bootstrap_external>", line 995, in exec_module
  File "<frozen importlib._bootstrap>", line 488, in _call_with_frames_removed
  File "/opt/airflow/dags/steam_pipeline_dag.py", line 13, in <module>
    from etl.bronze_extract import extract_app
  File "/opt/airflow/etl/bronze_extract.py", line 3, in <module>
    from tqdm import tqdm
ModuleNotFoundError: No module named 'tqdm'
[2025-09-09T19:16:13.833+0000] {processor.py:842} WARNING - No viable dags retrieved from /opt/airflow/dags/steam_pipeline_dag.py
[2025-09-09T19:16:13.847+0000] {processor.py:183} INFO - Processing /opt/airflow/dags/steam_pipeline_dag.py took 0.071 seconds
[2025-09-09T19:16:44.103+0000] {processor.py:161} INFO - Started process (PID=192) to work on /opt/airflow/dags/steam_pipeline_dag.py
[2025-09-09T19:16:44.104+0000] {processor.py:830} INFO - Processing file /opt/airflow/dags/steam_pipeline_dag.py for tasks to queue
[2025-09-09T19:16:44.107+0000] {logging_mixin.py:188} INFO - [2025-09-09T19:16:44.107+0000] {dagbag.py:545} INFO - Filling up the DagBag from /opt/airflow/dags/steam_pipeline_dag.py
[2025-09-09T19:16:44.245+0000] {logging_mixin.py:188} INFO - [2025-09-09T19:16:44.225+0000] {dagbag.py:355} ERROR - Failed to import: /opt/airflow/dags/steam_pipeline_dag.py
Traceback (most recent call last):
  File "/home/airflow/.local/lib/python3.12/site-packages/airflow/models/dagbag.py", line 351, in parse
    loader.exec_module(new_module)
  File "<frozen importlib._bootstrap_external>", line 995, in exec_module
  File "<frozen importlib._bootstrap>", line 488, in _call_with_frames_removed
  File "/opt/airflow/dags/steam_pipeline_dag.py", line 13, in <module>
    from etl.bronze_extract import extract_app
  File "/opt/airflow/etl/bronze_extract.py", line 3, in <module>
    from tqdm import tqdm
ModuleNotFoundError: No module named 'tqdm'
[2025-09-09T19:16:44.248+0000] {processor.py:842} WARNING - No viable dags retrieved from /opt/airflow/dags/steam_pipeline_dag.py
[2025-09-09T19:16:44.265+0000] {processor.py:183} INFO - Processing /opt/airflow/dags/steam_pipeline_dag.py took 0.169 seconds
[2025-09-09T19:17:14.775+0000] {processor.py:161} INFO - Started process (PID=193) to work on /opt/airflow/dags/steam_pipeline_dag.py
[2025-09-09T19:17:14.779+0000] {processor.py:830} INFO - Processing file /opt/airflow/dags/steam_pipeline_dag.py for tasks to queue
[2025-09-09T19:17:14.781+0000] {logging_mixin.py:188} INFO - [2025-09-09T19:17:14.781+0000] {dagbag.py:545} INFO - Filling up the DagBag from /opt/airflow/dags/steam_pipeline_dag.py
[2025-09-09T19:17:15.090+0000] {logging_mixin.py:188} INFO - [2025-09-09T19:17:15.062+0000] {dagbag.py:355} ERROR - Failed to import: /opt/airflow/dags/steam_pipeline_dag.py
Traceback (most recent call last):
  File "/home/airflow/.local/lib/python3.12/site-packages/airflow/models/dagbag.py", line 351, in parse
    loader.exec_module(new_module)
  File "<frozen importlib._bootstrap_external>", line 995, in exec_module
  File "<frozen importlib._bootstrap>", line 488, in _call_with_frames_removed
  File "/opt/airflow/dags/steam_pipeline_dag.py", line 13, in <module>
    from etl.bronze_extract import extract_app
  File "/opt/airflow/etl/bronze_extract.py", line 3, in <module>
    from tqdm import tqdm
ModuleNotFoundError: No module named 'tqdm'
[2025-09-09T19:17:15.113+0000] {processor.py:842} WARNING - No viable dags retrieved from /opt/airflow/dags/steam_pipeline_dag.py
[2025-09-09T19:17:15.140+0000] {processor.py:183} INFO - Processing /opt/airflow/dags/steam_pipeline_dag.py took 0.372 seconds
[2025-09-09T19:17:45.447+0000] {processor.py:161} INFO - Started process (PID=194) to work on /opt/airflow/dags/steam_pipeline_dag.py
[2025-09-09T19:17:45.450+0000] {processor.py:830} INFO - Processing file /opt/airflow/dags/steam_pipeline_dag.py for tasks to queue
[2025-09-09T19:17:45.453+0000] {logging_mixin.py:188} INFO - [2025-09-09T19:17:45.453+0000] {dagbag.py:545} INFO - Filling up the DagBag from /opt/airflow/dags/steam_pipeline_dag.py
[2025-09-09T19:17:45.583+0000] {logging_mixin.py:188} INFO - [2025-09-09T19:17:45.566+0000] {dagbag.py:355} ERROR - Failed to import: /opt/airflow/dags/steam_pipeline_dag.py
Traceback (most recent call last):
  File "/home/airflow/.local/lib/python3.12/site-packages/airflow/models/dagbag.py", line 351, in parse
    loader.exec_module(new_module)
  File "<frozen importlib._bootstrap_external>", line 995, in exec_module
  File "<frozen importlib._bootstrap>", line 488, in _call_with_frames_removed
  File "/opt/airflow/dags/steam_pipeline_dag.py", line 13, in <module>
    from etl.bronze_extract import extract_app
  File "/opt/airflow/etl/bronze_extract.py", line 3, in <module>
    from tqdm import tqdm
ModuleNotFoundError: No module named 'tqdm'
[2025-09-09T19:17:45.590+0000] {processor.py:842} WARNING - No viable dags retrieved from /opt/airflow/dags/steam_pipeline_dag.py
[2025-09-09T19:17:45.611+0000] {processor.py:183} INFO - Processing /opt/airflow/dags/steam_pipeline_dag.py took 0.173 seconds
[2025-09-09T19:18:16.054+0000] {processor.py:161} INFO - Started process (PID=195) to work on /opt/airflow/dags/steam_pipeline_dag.py
[2025-09-09T19:18:16.056+0000] {processor.py:830} INFO - Processing file /opt/airflow/dags/steam_pipeline_dag.py for tasks to queue
[2025-09-09T19:18:16.058+0000] {logging_mixin.py:188} INFO - [2025-09-09T19:18:16.058+0000] {dagbag.py:545} INFO - Filling up the DagBag from /opt/airflow/dags/steam_pipeline_dag.py
[2025-09-09T19:18:16.218+0000] {logging_mixin.py:188} INFO - [2025-09-09T19:18:16.184+0000] {dagbag.py:355} ERROR - Failed to import: /opt/airflow/dags/steam_pipeline_dag.py
Traceback (most recent call last):
  File "/home/airflow/.local/lib/python3.12/site-packages/airflow/models/dagbag.py", line 351, in parse
    loader.exec_module(new_module)
  File "<frozen importlib._bootstrap_external>", line 995, in exec_module
  File "<frozen importlib._bootstrap>", line 488, in _call_with_frames_removed
  File "/opt/airflow/dags/steam_pipeline_dag.py", line 13, in <module>
    from etl.bronze_extract import extract_app
  File "/opt/airflow/etl/bronze_extract.py", line 3, in <module>
    from tqdm import tqdm
ModuleNotFoundError: No module named 'tqdm'
[2025-09-09T19:18:16.230+0000] {processor.py:842} WARNING - No viable dags retrieved from /opt/airflow/dags/steam_pipeline_dag.py
[2025-09-09T19:18:16.248+0000] {processor.py:183} INFO - Processing /opt/airflow/dags/steam_pipeline_dag.py took 0.199 seconds
[2025-09-09T19:18:46.715+0000] {processor.py:161} INFO - Started process (PID=196) to work on /opt/airflow/dags/steam_pipeline_dag.py
[2025-09-09T19:18:46.719+0000] {processor.py:830} INFO - Processing file /opt/airflow/dags/steam_pipeline_dag.py for tasks to queue
[2025-09-09T19:18:46.723+0000] {logging_mixin.py:188} INFO - [2025-09-09T19:18:46.723+0000] {dagbag.py:545} INFO - Filling up the DagBag from /opt/airflow/dags/steam_pipeline_dag.py
[2025-09-09T19:18:47.093+0000] {logging_mixin.py:188} INFO - [2025-09-09T19:18:47.053+0000] {dagbag.py:355} ERROR - Failed to import: /opt/airflow/dags/steam_pipeline_dag.py
Traceback (most recent call last):
  File "/home/airflow/.local/lib/python3.12/site-packages/airflow/models/dagbag.py", line 351, in parse
    loader.exec_module(new_module)
  File "<frozen importlib._bootstrap_external>", line 995, in exec_module
  File "<frozen importlib._bootstrap>", line 488, in _call_with_frames_removed
  File "/opt/airflow/dags/steam_pipeline_dag.py", line 13, in <module>
    from etl.bronze_extract import extract_app
  File "/opt/airflow/etl/bronze_extract.py", line 3, in <module>
    from tqdm import tqdm
ModuleNotFoundError: No module named 'tqdm'
[2025-09-09T19:18:47.107+0000] {processor.py:842} WARNING - No viable dags retrieved from /opt/airflow/dags/steam_pipeline_dag.py
[2025-09-09T19:18:47.124+0000] {processor.py:183} INFO - Processing /opt/airflow/dags/steam_pipeline_dag.py took 0.418 seconds
[2025-09-09T19:19:17.522+0000] {processor.py:161} INFO - Started process (PID=197) to work on /opt/airflow/dags/steam_pipeline_dag.py
[2025-09-09T19:19:17.524+0000] {processor.py:830} INFO - Processing file /opt/airflow/dags/steam_pipeline_dag.py for tasks to queue
[2025-09-09T19:19:17.528+0000] {logging_mixin.py:188} INFO - [2025-09-09T19:19:17.527+0000] {dagbag.py:545} INFO - Filling up the DagBag from /opt/airflow/dags/steam_pipeline_dag.py
[2025-09-09T19:19:17.766+0000] {logging_mixin.py:188} INFO - [2025-09-09T19:19:17.747+0000] {dagbag.py:355} ERROR - Failed to import: /opt/airflow/dags/steam_pipeline_dag.py
Traceback (most recent call last):
  File "/home/airflow/.local/lib/python3.12/site-packages/airflow/models/dagbag.py", line 351, in parse
    loader.exec_module(new_module)
  File "<frozen importlib._bootstrap_external>", line 995, in exec_module
  File "<frozen importlib._bootstrap>", line 488, in _call_with_frames_removed
  File "/opt/airflow/dags/steam_pipeline_dag.py", line 13, in <module>
    from etl.bronze_extract import extract_app
  File "/opt/airflow/etl/bronze_extract.py", line 3, in <module>
    from tqdm import tqdm
ModuleNotFoundError: No module named 'tqdm'
[2025-09-09T19:19:17.778+0000] {processor.py:842} WARNING - No viable dags retrieved from /opt/airflow/dags/steam_pipeline_dag.py
[2025-09-09T19:19:17.799+0000] {processor.py:183} INFO - Processing /opt/airflow/dags/steam_pipeline_dag.py took 0.283 seconds
[2025-09-09T19:19:48.238+0000] {processor.py:161} INFO - Started process (PID=198) to work on /opt/airflow/dags/steam_pipeline_dag.py
[2025-09-09T19:19:48.240+0000] {processor.py:830} INFO - Processing file /opt/airflow/dags/steam_pipeline_dag.py for tasks to queue
[2025-09-09T19:19:48.243+0000] {logging_mixin.py:188} INFO - [2025-09-09T19:19:48.243+0000] {dagbag.py:545} INFO - Filling up the DagBag from /opt/airflow/dags/steam_pipeline_dag.py
[2025-09-09T19:19:48.331+0000] {logging_mixin.py:188} INFO - [2025-09-09T19:19:48.324+0000] {dagbag.py:355} ERROR - Failed to import: /opt/airflow/dags/steam_pipeline_dag.py
Traceback (most recent call last):
  File "/home/airflow/.local/lib/python3.12/site-packages/airflow/models/dagbag.py", line 351, in parse
    loader.exec_module(new_module)
  File "<frozen importlib._bootstrap_external>", line 995, in exec_module
  File "<frozen importlib._bootstrap>", line 488, in _call_with_frames_removed
  File "/opt/airflow/dags/steam_pipeline_dag.py", line 13, in <module>
    from etl.bronze_extract import extract_app
  File "/opt/airflow/etl/bronze_extract.py", line 3, in <module>
    from tqdm import tqdm
ModuleNotFoundError: No module named 'tqdm'
[2025-09-09T19:19:48.333+0000] {processor.py:842} WARNING - No viable dags retrieved from /opt/airflow/dags/steam_pipeline_dag.py
[2025-09-09T19:19:48.354+0000] {processor.py:183} INFO - Processing /opt/airflow/dags/steam_pipeline_dag.py took 0.123 seconds
[2025-09-09T19:20:18.776+0000] {processor.py:161} INFO - Started process (PID=199) to work on /opt/airflow/dags/steam_pipeline_dag.py
[2025-09-09T19:20:18.778+0000] {processor.py:830} INFO - Processing file /opt/airflow/dags/steam_pipeline_dag.py for tasks to queue
[2025-09-09T19:20:18.781+0000] {logging_mixin.py:188} INFO - [2025-09-09T19:20:18.781+0000] {dagbag.py:545} INFO - Filling up the DagBag from /opt/airflow/dags/steam_pipeline_dag.py
[2025-09-09T19:20:19.008+0000] {logging_mixin.py:188} INFO - [2025-09-09T19:20:18.985+0000] {dagbag.py:355} ERROR - Failed to import: /opt/airflow/dags/steam_pipeline_dag.py
Traceback (most recent call last):
  File "/home/airflow/.local/lib/python3.12/site-packages/airflow/models/dagbag.py", line 351, in parse
    loader.exec_module(new_module)
  File "<frozen importlib._bootstrap_external>", line 995, in exec_module
  File "<frozen importlib._bootstrap>", line 488, in _call_with_frames_removed
  File "/opt/airflow/dags/steam_pipeline_dag.py", line 13, in <module>
    from etl.bronze_extract import extract_app
  File "/opt/airflow/etl/bronze_extract.py", line 3, in <module>
    from tqdm import tqdm
ModuleNotFoundError: No module named 'tqdm'
[2025-09-09T19:20:19.015+0000] {processor.py:842} WARNING - No viable dags retrieved from /opt/airflow/dags/steam_pipeline_dag.py
[2025-09-09T19:20:19.038+0000] {processor.py:183} INFO - Processing /opt/airflow/dags/steam_pipeline_dag.py took 0.270 seconds
[2025-09-09T19:20:49.463+0000] {processor.py:161} INFO - Started process (PID=200) to work on /opt/airflow/dags/steam_pipeline_dag.py
[2025-09-09T19:20:49.465+0000] {processor.py:830} INFO - Processing file /opt/airflow/dags/steam_pipeline_dag.py for tasks to queue
[2025-09-09T19:20:49.467+0000] {logging_mixin.py:188} INFO - [2025-09-09T19:20:49.467+0000] {dagbag.py:545} INFO - Filling up the DagBag from /opt/airflow/dags/steam_pipeline_dag.py
[2025-09-09T19:20:49.559+0000] {logging_mixin.py:188} INFO - [2025-09-09T19:20:49.548+0000] {dagbag.py:355} ERROR - Failed to import: /opt/airflow/dags/steam_pipeline_dag.py
Traceback (most recent call last):
  File "/home/airflow/.local/lib/python3.12/site-packages/airflow/models/dagbag.py", line 351, in parse
    loader.exec_module(new_module)
  File "<frozen importlib._bootstrap_external>", line 995, in exec_module
  File "<frozen importlib._bootstrap>", line 488, in _call_with_frames_removed
  File "/opt/airflow/dags/steam_pipeline_dag.py", line 13, in <module>
    from etl.bronze_extract import extract_app
  File "/opt/airflow/etl/bronze_extract.py", line 3, in <module>
    from tqdm import tqdm
ModuleNotFoundError: No module named 'tqdm'
[2025-09-09T19:20:49.562+0000] {processor.py:842} WARNING - No viable dags retrieved from /opt/airflow/dags/steam_pipeline_dag.py
[2025-09-09T19:20:49.578+0000] {processor.py:183} INFO - Processing /opt/airflow/dags/steam_pipeline_dag.py took 0.124 seconds
[2025-09-09T19:21:19.965+0000] {processor.py:161} INFO - Started process (PID=201) to work on /opt/airflow/dags/steam_pipeline_dag.py
[2025-09-09T19:21:19.967+0000] {processor.py:830} INFO - Processing file /opt/airflow/dags/steam_pipeline_dag.py for tasks to queue
[2025-09-09T19:21:19.969+0000] {logging_mixin.py:188} INFO - [2025-09-09T19:21:19.968+0000] {dagbag.py:545} INFO - Filling up the DagBag from /opt/airflow/dags/steam_pipeline_dag.py
[2025-09-09T19:21:20.071+0000] {logging_mixin.py:188} INFO - [2025-09-09T19:21:20.047+0000] {dagbag.py:355} ERROR - Failed to import: /opt/airflow/dags/steam_pipeline_dag.py
Traceback (most recent call last):
  File "/home/airflow/.local/lib/python3.12/site-packages/airflow/models/dagbag.py", line 351, in parse
    loader.exec_module(new_module)
  File "<frozen importlib._bootstrap_external>", line 995, in exec_module
  File "<frozen importlib._bootstrap>", line 488, in _call_with_frames_removed
  File "/opt/airflow/dags/steam_pipeline_dag.py", line 13, in <module>
    from etl.bronze_extract import extract_app
  File "/opt/airflow/etl/bronze_extract.py", line 3, in <module>
    from tqdm import tqdm
ModuleNotFoundError: No module named 'tqdm'
[2025-09-09T19:21:20.076+0000] {processor.py:842} WARNING - No viable dags retrieved from /opt/airflow/dags/steam_pipeline_dag.py
[2025-09-09T19:21:20.093+0000] {processor.py:183} INFO - Processing /opt/airflow/dags/steam_pipeline_dag.py took 0.134 seconds
[2025-09-09T19:21:50.465+0000] {processor.py:161} INFO - Started process (PID=202) to work on /opt/airflow/dags/steam_pipeline_dag.py
[2025-09-09T19:21:50.467+0000] {processor.py:830} INFO - Processing file /opt/airflow/dags/steam_pipeline_dag.py for tasks to queue
[2025-09-09T19:21:50.469+0000] {logging_mixin.py:188} INFO - [2025-09-09T19:21:50.469+0000] {dagbag.py:545} INFO - Filling up the DagBag from /opt/airflow/dags/steam_pipeline_dag.py
[2025-09-09T19:21:50.559+0000] {logging_mixin.py:188} INFO - [2025-09-09T19:21:50.547+0000] {dagbag.py:355} ERROR - Failed to import: /opt/airflow/dags/steam_pipeline_dag.py
Traceback (most recent call last):
  File "/home/airflow/.local/lib/python3.12/site-packages/airflow/models/dagbag.py", line 351, in parse
    loader.exec_module(new_module)
  File "<frozen importlib._bootstrap_external>", line 995, in exec_module
  File "<frozen importlib._bootstrap>", line 488, in _call_with_frames_removed
  File "/opt/airflow/dags/steam_pipeline_dag.py", line 13, in <module>
    from etl.bronze_extract import extract_app
  File "/opt/airflow/etl/bronze_extract.py", line 3, in <module>
    from tqdm import tqdm
ModuleNotFoundError: No module named 'tqdm'
[2025-09-09T19:21:50.562+0000] {processor.py:842} WARNING - No viable dags retrieved from /opt/airflow/dags/steam_pipeline_dag.py
[2025-09-09T19:21:50.576+0000] {processor.py:183} INFO - Processing /opt/airflow/dags/steam_pipeline_dag.py took 0.117 seconds
[2025-09-09T19:22:21.019+0000] {processor.py:161} INFO - Started process (PID=203) to work on /opt/airflow/dags/steam_pipeline_dag.py
[2025-09-09T19:22:21.020+0000] {processor.py:830} INFO - Processing file /opt/airflow/dags/steam_pipeline_dag.py for tasks to queue
[2025-09-09T19:22:21.022+0000] {logging_mixin.py:188} INFO - [2025-09-09T19:22:21.022+0000] {dagbag.py:545} INFO - Filling up the DagBag from /opt/airflow/dags/steam_pipeline_dag.py
[2025-09-09T19:22:21.085+0000] {logging_mixin.py:188} INFO - [2025-09-09T19:22:21.078+0000] {dagbag.py:355} ERROR - Failed to import: /opt/airflow/dags/steam_pipeline_dag.py
Traceback (most recent call last):
  File "/home/airflow/.local/lib/python3.12/site-packages/airflow/models/dagbag.py", line 351, in parse
    loader.exec_module(new_module)
  File "<frozen importlib._bootstrap_external>", line 995, in exec_module
  File "<frozen importlib._bootstrap>", line 488, in _call_with_frames_removed
  File "/opt/airflow/dags/steam_pipeline_dag.py", line 13, in <module>
    from etl.bronze_extract import extract_app
  File "/opt/airflow/etl/bronze_extract.py", line 3, in <module>
    from tqdm import tqdm
ModuleNotFoundError: No module named 'tqdm'
[2025-09-09T19:22:21.088+0000] {processor.py:842} WARNING - No viable dags retrieved from /opt/airflow/dags/steam_pipeline_dag.py
[2025-09-09T19:22:21.101+0000] {processor.py:183} INFO - Processing /opt/airflow/dags/steam_pipeline_dag.py took 0.086 seconds
[2025-09-09T19:22:51.565+0000] {processor.py:161} INFO - Started process (PID=204) to work on /opt/airflow/dags/steam_pipeline_dag.py
[2025-09-09T19:22:51.567+0000] {processor.py:830} INFO - Processing file /opt/airflow/dags/steam_pipeline_dag.py for tasks to queue
[2025-09-09T19:22:51.568+0000] {logging_mixin.py:188} INFO - [2025-09-09T19:22:51.568+0000] {dagbag.py:545} INFO - Filling up the DagBag from /opt/airflow/dags/steam_pipeline_dag.py
[2025-09-09T19:22:51.634+0000] {logging_mixin.py:188} INFO - [2025-09-09T19:22:51.627+0000] {dagbag.py:355} ERROR - Failed to import: /opt/airflow/dags/steam_pipeline_dag.py
Traceback (most recent call last):
  File "/home/airflow/.local/lib/python3.12/site-packages/airflow/models/dagbag.py", line 351, in parse
    loader.exec_module(new_module)
  File "<frozen importlib._bootstrap_external>", line 995, in exec_module
  File "<frozen importlib._bootstrap>", line 488, in _call_with_frames_removed
  File "/opt/airflow/dags/steam_pipeline_dag.py", line 13, in <module>
    from etl.bronze_extract import extract_app
  File "/opt/airflow/etl/bronze_extract.py", line 3, in <module>
    from tqdm import tqdm
ModuleNotFoundError: No module named 'tqdm'
[2025-09-09T19:22:51.637+0000] {processor.py:842} WARNING - No viable dags retrieved from /opt/airflow/dags/steam_pipeline_dag.py
[2025-09-09T19:22:51.652+0000] {processor.py:183} INFO - Processing /opt/airflow/dags/steam_pipeline_dag.py took 0.091 seconds
[2025-09-09T19:23:22.017+0000] {processor.py:161} INFO - Started process (PID=205) to work on /opt/airflow/dags/steam_pipeline_dag.py
[2025-09-09T19:23:22.018+0000] {processor.py:830} INFO - Processing file /opt/airflow/dags/steam_pipeline_dag.py for tasks to queue
[2025-09-09T19:23:22.019+0000] {logging_mixin.py:188} INFO - [2025-09-09T19:23:22.019+0000] {dagbag.py:545} INFO - Filling up the DagBag from /opt/airflow/dags/steam_pipeline_dag.py
[2025-09-09T19:23:22.083+0000] {logging_mixin.py:188} INFO - [2025-09-09T19:23:22.077+0000] {dagbag.py:355} ERROR - Failed to import: /opt/airflow/dags/steam_pipeline_dag.py
Traceback (most recent call last):
  File "/home/airflow/.local/lib/python3.12/site-packages/airflow/models/dagbag.py", line 351, in parse
    loader.exec_module(new_module)
  File "<frozen importlib._bootstrap_external>", line 995, in exec_module
  File "<frozen importlib._bootstrap>", line 488, in _call_with_frames_removed
  File "/opt/airflow/dags/steam_pipeline_dag.py", line 13, in <module>
    from etl.bronze_extract import extract_app
  File "/opt/airflow/etl/bronze_extract.py", line 3, in <module>
    from tqdm import tqdm
ModuleNotFoundError: No module named 'tqdm'
[2025-09-09T19:23:22.085+0000] {processor.py:842} WARNING - No viable dags retrieved from /opt/airflow/dags/steam_pipeline_dag.py
[2025-09-09T19:23:22.100+0000] {processor.py:183} INFO - Processing /opt/airflow/dags/steam_pipeline_dag.py took 0.088 seconds
[2025-09-09T19:23:52.340+0000] {processor.py:161} INFO - Started process (PID=206) to work on /opt/airflow/dags/steam_pipeline_dag.py
[2025-09-09T19:23:52.341+0000] {processor.py:830} INFO - Processing file /opt/airflow/dags/steam_pipeline_dag.py for tasks to queue
[2025-09-09T19:23:52.351+0000] {logging_mixin.py:188} INFO - [2025-09-09T19:23:52.350+0000] {dagbag.py:545} INFO - Filling up the DagBag from /opt/airflow/dags/steam_pipeline_dag.py
[2025-09-09T19:23:52.402+0000] {logging_mixin.py:188} INFO - [2025-09-09T19:23:52.395+0000] {dagbag.py:355} ERROR - Failed to import: /opt/airflow/dags/steam_pipeline_dag.py
Traceback (most recent call last):
  File "/home/airflow/.local/lib/python3.12/site-packages/airflow/models/dagbag.py", line 351, in parse
    loader.exec_module(new_module)
  File "<frozen importlib._bootstrap_external>", line 995, in exec_module
  File "<frozen importlib._bootstrap>", line 488, in _call_with_frames_removed
  File "/opt/airflow/dags/steam_pipeline_dag.py", line 13, in <module>
    from etl.bronze_extract import extract_app
  File "/opt/airflow/etl/bronze_extract.py", line 3, in <module>
    from tqdm import tqdm
ModuleNotFoundError: No module named 'tqdm'
[2025-09-09T19:23:52.404+0000] {processor.py:842} WARNING - No viable dags retrieved from /opt/airflow/dags/steam_pipeline_dag.py
[2025-09-09T19:23:52.422+0000] {processor.py:183} INFO - Processing /opt/airflow/dags/steam_pipeline_dag.py took 0.086 seconds
[2025-09-09T19:24:22.808+0000] {processor.py:161} INFO - Started process (PID=207) to work on /opt/airflow/dags/steam_pipeline_dag.py
[2025-09-09T19:24:22.810+0000] {processor.py:830} INFO - Processing file /opt/airflow/dags/steam_pipeline_dag.py for tasks to queue
[2025-09-09T19:24:22.813+0000] {logging_mixin.py:188} INFO - [2025-09-09T19:24:22.812+0000] {dagbag.py:545} INFO - Filling up the DagBag from /opt/airflow/dags/steam_pipeline_dag.py
[2025-09-09T19:24:22.889+0000] {logging_mixin.py:188} INFO - [2025-09-09T19:24:22.880+0000] {dagbag.py:355} ERROR - Failed to import: /opt/airflow/dags/steam_pipeline_dag.py
Traceback (most recent call last):
  File "/home/airflow/.local/lib/python3.12/site-packages/airflow/models/dagbag.py", line 351, in parse
    loader.exec_module(new_module)
  File "<frozen importlib._bootstrap_external>", line 995, in exec_module
  File "<frozen importlib._bootstrap>", line 488, in _call_with_frames_removed
  File "/opt/airflow/dags/steam_pipeline_dag.py", line 13, in <module>
    from etl.bronze_extract import extract_app
  File "/opt/airflow/etl/bronze_extract.py", line 3, in <module>
    from tqdm import tqdm
ModuleNotFoundError: No module named 'tqdm'
[2025-09-09T19:24:22.892+0000] {processor.py:842} WARNING - No viable dags retrieved from /opt/airflow/dags/steam_pipeline_dag.py
[2025-09-09T19:24:22.911+0000] {processor.py:183} INFO - Processing /opt/airflow/dags/steam_pipeline_dag.py took 0.110 seconds
[2025-09-09T19:24:53.255+0000] {processor.py:161} INFO - Started process (PID=208) to work on /opt/airflow/dags/steam_pipeline_dag.py
[2025-09-09T19:24:53.256+0000] {processor.py:830} INFO - Processing file /opt/airflow/dags/steam_pipeline_dag.py for tasks to queue
[2025-09-09T19:24:53.258+0000] {logging_mixin.py:188} INFO - [2025-09-09T19:24:53.257+0000] {dagbag.py:545} INFO - Filling up the DagBag from /opt/airflow/dags/steam_pipeline_dag.py
[2025-09-09T19:24:53.316+0000] {logging_mixin.py:188} INFO - [2025-09-09T19:24:53.308+0000] {dagbag.py:355} ERROR - Failed to import: /opt/airflow/dags/steam_pipeline_dag.py
Traceback (most recent call last):
  File "/home/airflow/.local/lib/python3.12/site-packages/airflow/models/dagbag.py", line 351, in parse
    loader.exec_module(new_module)
  File "<frozen importlib._bootstrap_external>", line 995, in exec_module
  File "<frozen importlib._bootstrap>", line 488, in _call_with_frames_removed
  File "/opt/airflow/dags/steam_pipeline_dag.py", line 13, in <module>
    from etl.bronze_extract import extract_app
  File "/opt/airflow/etl/bronze_extract.py", line 3, in <module>
    from tqdm import tqdm
ModuleNotFoundError: No module named 'tqdm'
[2025-09-09T19:24:53.318+0000] {processor.py:842} WARNING - No viable dags retrieved from /opt/airflow/dags/steam_pipeline_dag.py
[2025-09-09T19:24:53.331+0000] {processor.py:183} INFO - Processing /opt/airflow/dags/steam_pipeline_dag.py took 0.081 seconds
[2025-09-09T19:25:23.763+0000] {processor.py:161} INFO - Started process (PID=209) to work on /opt/airflow/dags/steam_pipeline_dag.py
[2025-09-09T19:25:23.765+0000] {processor.py:830} INFO - Processing file /opt/airflow/dags/steam_pipeline_dag.py for tasks to queue
[2025-09-09T19:25:23.767+0000] {logging_mixin.py:188} INFO - [2025-09-09T19:25:23.766+0000] {dagbag.py:545} INFO - Filling up the DagBag from /opt/airflow/dags/steam_pipeline_dag.py
[2025-09-09T19:25:23.831+0000] {logging_mixin.py:188} INFO - [2025-09-09T19:25:23.822+0000] {dagbag.py:355} ERROR - Failed to import: /opt/airflow/dags/steam_pipeline_dag.py
Traceback (most recent call last):
  File "/home/airflow/.local/lib/python3.12/site-packages/airflow/models/dagbag.py", line 351, in parse
    loader.exec_module(new_module)
  File "<frozen importlib._bootstrap_external>", line 995, in exec_module
  File "<frozen importlib._bootstrap>", line 488, in _call_with_frames_removed
  File "/opt/airflow/dags/steam_pipeline_dag.py", line 13, in <module>
    from etl.bronze_extract import extract_app
  File "/opt/airflow/etl/bronze_extract.py", line 3, in <module>
    from tqdm import tqdm
ModuleNotFoundError: No module named 'tqdm'
[2025-09-09T19:25:23.836+0000] {processor.py:842} WARNING - No viable dags retrieved from /opt/airflow/dags/steam_pipeline_dag.py
[2025-09-09T19:25:23.852+0000] {processor.py:183} INFO - Processing /opt/airflow/dags/steam_pipeline_dag.py took 0.095 seconds
[2025-09-09T19:25:54.123+0000] {processor.py:161} INFO - Started process (PID=210) to work on /opt/airflow/dags/steam_pipeline_dag.py
[2025-09-09T19:25:54.125+0000] {processor.py:830} INFO - Processing file /opt/airflow/dags/steam_pipeline_dag.py for tasks to queue
[2025-09-09T19:25:54.127+0000] {logging_mixin.py:188} INFO - [2025-09-09T19:25:54.126+0000] {dagbag.py:545} INFO - Filling up the DagBag from /opt/airflow/dags/steam_pipeline_dag.py
[2025-09-09T19:25:54.188+0000] {logging_mixin.py:188} INFO - [2025-09-09T19:25:54.179+0000] {dagbag.py:355} ERROR - Failed to import: /opt/airflow/dags/steam_pipeline_dag.py
Traceback (most recent call last):
  File "/home/airflow/.local/lib/python3.12/site-packages/airflow/models/dagbag.py", line 351, in parse
    loader.exec_module(new_module)
  File "<frozen importlib._bootstrap_external>", line 995, in exec_module
  File "<frozen importlib._bootstrap>", line 488, in _call_with_frames_removed
  File "/opt/airflow/dags/steam_pipeline_dag.py", line 13, in <module>
    from etl.bronze_extract import extract_app
  File "/opt/airflow/etl/bronze_extract.py", line 3, in <module>
    from tqdm import tqdm
ModuleNotFoundError: No module named 'tqdm'
[2025-09-09T19:25:54.190+0000] {processor.py:842} WARNING - No viable dags retrieved from /opt/airflow/dags/steam_pipeline_dag.py
[2025-09-09T19:25:54.205+0000] {processor.py:183} INFO - Processing /opt/airflow/dags/steam_pipeline_dag.py took 0.087 seconds
[2025-09-09T19:26:24.377+0000] {processor.py:161} INFO - Started process (PID=211) to work on /opt/airflow/dags/steam_pipeline_dag.py
[2025-09-09T19:26:24.378+0000] {processor.py:830} INFO - Processing file /opt/airflow/dags/steam_pipeline_dag.py for tasks to queue
[2025-09-09T19:26:24.380+0000] {logging_mixin.py:188} INFO - [2025-09-09T19:26:24.379+0000] {dagbag.py:545} INFO - Filling up the DagBag from /opt/airflow/dags/steam_pipeline_dag.py
[2025-09-09T19:26:24.433+0000] {logging_mixin.py:188} INFO - [2025-09-09T19:26:24.427+0000] {dagbag.py:355} ERROR - Failed to import: /opt/airflow/dags/steam_pipeline_dag.py
Traceback (most recent call last):
  File "/home/airflow/.local/lib/python3.12/site-packages/airflow/models/dagbag.py", line 351, in parse
    loader.exec_module(new_module)
  File "<frozen importlib._bootstrap_external>", line 995, in exec_module
  File "<frozen importlib._bootstrap>", line 488, in _call_with_frames_removed
  File "/opt/airflow/dags/steam_pipeline_dag.py", line 13, in <module>
    from etl.bronze_extract import extract_app
  File "/opt/airflow/etl/bronze_extract.py", line 3, in <module>
    from tqdm import tqdm
ModuleNotFoundError: No module named 'tqdm'
[2025-09-09T19:26:24.435+0000] {processor.py:842} WARNING - No viable dags retrieved from /opt/airflow/dags/steam_pipeline_dag.py
[2025-09-09T19:26:24.455+0000] {processor.py:183} INFO - Processing /opt/airflow/dags/steam_pipeline_dag.py took 0.085 seconds
[2025-09-09T19:26:54.609+0000] {processor.py:161} INFO - Started process (PID=212) to work on /opt/airflow/dags/steam_pipeline_dag.py
[2025-09-09T19:26:54.610+0000] {processor.py:830} INFO - Processing file /opt/airflow/dags/steam_pipeline_dag.py for tasks to queue
[2025-09-09T19:26:54.612+0000] {logging_mixin.py:188} INFO - [2025-09-09T19:26:54.612+0000] {dagbag.py:545} INFO - Filling up the DagBag from /opt/airflow/dags/steam_pipeline_dag.py
[2025-09-09T19:26:54.663+0000] {logging_mixin.py:188} INFO - [2025-09-09T19:26:54.658+0000] {dagbag.py:355} ERROR - Failed to import: /opt/airflow/dags/steam_pipeline_dag.py
Traceback (most recent call last):
  File "/home/airflow/.local/lib/python3.12/site-packages/airflow/models/dagbag.py", line 351, in parse
    loader.exec_module(new_module)
  File "<frozen importlib._bootstrap_external>", line 995, in exec_module
  File "<frozen importlib._bootstrap>", line 488, in _call_with_frames_removed
  File "/opt/airflow/dags/steam_pipeline_dag.py", line 13, in <module>
    from etl.bronze_extract import extract_app
  File "/opt/airflow/etl/bronze_extract.py", line 3, in <module>
    from tqdm import tqdm
ModuleNotFoundError: No module named 'tqdm'
[2025-09-09T19:26:54.665+0000] {processor.py:842} WARNING - No viable dags retrieved from /opt/airflow/dags/steam_pipeline_dag.py
[2025-09-09T19:26:54.681+0000] {processor.py:183} INFO - Processing /opt/airflow/dags/steam_pipeline_dag.py took 0.078 seconds
[2025-09-09T19:27:24.912+0000] {processor.py:161} INFO - Started process (PID=213) to work on /opt/airflow/dags/steam_pipeline_dag.py
[2025-09-09T19:27:24.913+0000] {processor.py:830} INFO - Processing file /opt/airflow/dags/steam_pipeline_dag.py for tasks to queue
[2025-09-09T19:27:24.915+0000] {logging_mixin.py:188} INFO - [2025-09-09T19:27:24.915+0000] {dagbag.py:545} INFO - Filling up the DagBag from /opt/airflow/dags/steam_pipeline_dag.py
[2025-09-09T19:27:24.961+0000] {logging_mixin.py:188} INFO - [2025-09-09T19:27:24.954+0000] {dagbag.py:355} ERROR - Failed to import: /opt/airflow/dags/steam_pipeline_dag.py
Traceback (most recent call last):
  File "/home/airflow/.local/lib/python3.12/site-packages/airflow/models/dagbag.py", line 351, in parse
    loader.exec_module(new_module)
  File "<frozen importlib._bootstrap_external>", line 995, in exec_module
  File "<frozen importlib._bootstrap>", line 488, in _call_with_frames_removed
  File "/opt/airflow/dags/steam_pipeline_dag.py", line 13, in <module>
    from etl.bronze_extract import extract_app
  File "/opt/airflow/etl/bronze_extract.py", line 3, in <module>
    from tqdm import tqdm
ModuleNotFoundError: No module named 'tqdm'
[2025-09-09T19:27:24.966+0000] {processor.py:842} WARNING - No viable dags retrieved from /opt/airflow/dags/steam_pipeline_dag.py
[2025-09-09T19:27:24.984+0000] {processor.py:183} INFO - Processing /opt/airflow/dags/steam_pipeline_dag.py took 0.076 seconds
[2025-09-09T19:27:55.177+0000] {processor.py:161} INFO - Started process (PID=214) to work on /opt/airflow/dags/steam_pipeline_dag.py
[2025-09-09T19:27:55.178+0000] {processor.py:830} INFO - Processing file /opt/airflow/dags/steam_pipeline_dag.py for tasks to queue
[2025-09-09T19:27:55.179+0000] {logging_mixin.py:188} INFO - [2025-09-09T19:27:55.179+0000] {dagbag.py:545} INFO - Filling up the DagBag from /opt/airflow/dags/steam_pipeline_dag.py
[2025-09-09T19:27:55.238+0000] {logging_mixin.py:188} INFO - [2025-09-09T19:27:55.232+0000] {dagbag.py:355} ERROR - Failed to import: /opt/airflow/dags/steam_pipeline_dag.py
Traceback (most recent call last):
  File "/home/airflow/.local/lib/python3.12/site-packages/airflow/models/dagbag.py", line 351, in parse
    loader.exec_module(new_module)
  File "<frozen importlib._bootstrap_external>", line 995, in exec_module
  File "<frozen importlib._bootstrap>", line 488, in _call_with_frames_removed
  File "/opt/airflow/dags/steam_pipeline_dag.py", line 13, in <module>
    from etl.bronze_extract import extract_app
  File "/opt/airflow/etl/bronze_extract.py", line 3, in <module>
    from tqdm import tqdm
ModuleNotFoundError: No module named 'tqdm'
[2025-09-09T19:27:55.241+0000] {processor.py:842} WARNING - No viable dags retrieved from /opt/airflow/dags/steam_pipeline_dag.py
[2025-09-09T19:27:55.254+0000] {processor.py:183} INFO - Processing /opt/airflow/dags/steam_pipeline_dag.py took 0.082 seconds
[2025-09-09T19:28:25.423+0000] {processor.py:161} INFO - Started process (PID=215) to work on /opt/airflow/dags/steam_pipeline_dag.py
[2025-09-09T19:28:25.424+0000] {processor.py:830} INFO - Processing file /opt/airflow/dags/steam_pipeline_dag.py for tasks to queue
[2025-09-09T19:28:25.426+0000] {logging_mixin.py:188} INFO - [2025-09-09T19:28:25.426+0000] {dagbag.py:545} INFO - Filling up the DagBag from /opt/airflow/dags/steam_pipeline_dag.py
[2025-09-09T19:28:25.461+0000] {logging_mixin.py:188} INFO - [2025-09-09T19:28:25.457+0000] {dagbag.py:355} ERROR - Failed to import: /opt/airflow/dags/steam_pipeline_dag.py
Traceback (most recent call last):
  File "/home/airflow/.local/lib/python3.12/site-packages/airflow/models/dagbag.py", line 351, in parse
    loader.exec_module(new_module)
  File "<frozen importlib._bootstrap_external>", line 995, in exec_module
  File "<frozen importlib._bootstrap>", line 488, in _call_with_frames_removed
  File "/opt/airflow/dags/steam_pipeline_dag.py", line 13, in <module>
    from etl.bronze_extract import extract_app
  File "/opt/airflow/etl/bronze_extract.py", line 3, in <module>
    from tqdm import tqdm
ModuleNotFoundError: No module named 'tqdm'
[2025-09-09T19:28:25.463+0000] {processor.py:842} WARNING - No viable dags retrieved from /opt/airflow/dags/steam_pipeline_dag.py
[2025-09-09T19:28:25.480+0000] {processor.py:183} INFO - Processing /opt/airflow/dags/steam_pipeline_dag.py took 0.061 seconds
[2025-09-09T19:28:55.656+0000] {processor.py:161} INFO - Started process (PID=216) to work on /opt/airflow/dags/steam_pipeline_dag.py
[2025-09-09T19:28:55.658+0000] {processor.py:830} INFO - Processing file /opt/airflow/dags/steam_pipeline_dag.py for tasks to queue
[2025-09-09T19:28:55.659+0000] {logging_mixin.py:188} INFO - [2025-09-09T19:28:55.659+0000] {dagbag.py:545} INFO - Filling up the DagBag from /opt/airflow/dags/steam_pipeline_dag.py
[2025-09-09T19:28:55.755+0000] {logging_mixin.py:188} INFO - [2025-09-09T19:28:55.743+0000] {dagbag.py:355} ERROR - Failed to import: /opt/airflow/dags/steam_pipeline_dag.py
Traceback (most recent call last):
  File "/home/airflow/.local/lib/python3.12/site-packages/airflow/models/dagbag.py", line 351, in parse
    loader.exec_module(new_module)
  File "<frozen importlib._bootstrap_external>", line 995, in exec_module
  File "<frozen importlib._bootstrap>", line 488, in _call_with_frames_removed
  File "/opt/airflow/dags/steam_pipeline_dag.py", line 13, in <module>
    from etl.bronze_extract import extract_app
  File "/opt/airflow/etl/bronze_extract.py", line 3, in <module>
    from tqdm import tqdm
ModuleNotFoundError: No module named 'tqdm'
[2025-09-09T19:28:55.757+0000] {processor.py:842} WARNING - No viable dags retrieved from /opt/airflow/dags/steam_pipeline_dag.py
[2025-09-09T19:28:55.778+0000] {processor.py:183} INFO - Processing /opt/airflow/dags/steam_pipeline_dag.py took 0.125 seconds
[2025-09-09T19:29:25.964+0000] {processor.py:161} INFO - Started process (PID=217) to work on /opt/airflow/dags/steam_pipeline_dag.py
[2025-09-09T19:29:25.967+0000] {processor.py:830} INFO - Processing file /opt/airflow/dags/steam_pipeline_dag.py for tasks to queue
[2025-09-09T19:29:25.969+0000] {logging_mixin.py:188} INFO - [2025-09-09T19:29:25.968+0000] {dagbag.py:545} INFO - Filling up the DagBag from /opt/airflow/dags/steam_pipeline_dag.py
[2025-09-09T19:29:26.033+0000] {logging_mixin.py:188} INFO - [2025-09-09T19:29:26.026+0000] {dagbag.py:355} ERROR - Failed to import: /opt/airflow/dags/steam_pipeline_dag.py
Traceback (most recent call last):
  File "/home/airflow/.local/lib/python3.12/site-packages/airflow/models/dagbag.py", line 351, in parse
    loader.exec_module(new_module)
  File "<frozen importlib._bootstrap_external>", line 995, in exec_module
  File "<frozen importlib._bootstrap>", line 488, in _call_with_frames_removed
  File "/opt/airflow/dags/steam_pipeline_dag.py", line 13, in <module>
    from etl.bronze_extract import extract_app
  File "/opt/airflow/etl/bronze_extract.py", line 3, in <module>
    from tqdm import tqdm
ModuleNotFoundError: No module named 'tqdm'
[2025-09-09T19:29:26.035+0000] {processor.py:842} WARNING - No viable dags retrieved from /opt/airflow/dags/steam_pipeline_dag.py
[2025-09-09T19:29:26.048+0000] {processor.py:183} INFO - Processing /opt/airflow/dags/steam_pipeline_dag.py took 0.090 seconds
[2025-09-09T19:29:56.276+0000] {processor.py:161} INFO - Started process (PID=218) to work on /opt/airflow/dags/steam_pipeline_dag.py
[2025-09-09T19:29:56.290+0000] {processor.py:830} INFO - Processing file /opt/airflow/dags/steam_pipeline_dag.py for tasks to queue
[2025-09-09T19:29:56.291+0000] {logging_mixin.py:188} INFO - [2025-09-09T19:29:56.291+0000] {dagbag.py:545} INFO - Filling up the DagBag from /opt/airflow/dags/steam_pipeline_dag.py
[2025-09-09T19:29:56.345+0000] {logging_mixin.py:188} INFO - [2025-09-09T19:29:56.340+0000] {dagbag.py:355} ERROR - Failed to import: /opt/airflow/dags/steam_pipeline_dag.py
Traceback (most recent call last):
  File "/home/airflow/.local/lib/python3.12/site-packages/airflow/models/dagbag.py", line 351, in parse
    loader.exec_module(new_module)
  File "<frozen importlib._bootstrap_external>", line 995, in exec_module
  File "<frozen importlib._bootstrap>", line 488, in _call_with_frames_removed
  File "/opt/airflow/dags/steam_pipeline_dag.py", line 13, in <module>
    from etl.bronze_extract import extract_app
  File "/opt/airflow/etl/bronze_extract.py", line 3, in <module>
    from tqdm import tqdm
ModuleNotFoundError: No module named 'tqdm'
[2025-09-09T19:29:56.347+0000] {processor.py:842} WARNING - No viable dags retrieved from /opt/airflow/dags/steam_pipeline_dag.py
[2025-09-09T19:29:56.360+0000] {processor.py:183} INFO - Processing /opt/airflow/dags/steam_pipeline_dag.py took 0.089 seconds
[2025-09-09T19:30:26.624+0000] {processor.py:161} INFO - Started process (PID=219) to work on /opt/airflow/dags/steam_pipeline_dag.py
[2025-09-09T19:30:26.625+0000] {processor.py:830} INFO - Processing file /opt/airflow/dags/steam_pipeline_dag.py for tasks to queue
[2025-09-09T19:30:26.627+0000] {logging_mixin.py:188} INFO - [2025-09-09T19:30:26.627+0000] {dagbag.py:545} INFO - Filling up the DagBag from /opt/airflow/dags/steam_pipeline_dag.py
[2025-09-09T19:30:26.676+0000] {logging_mixin.py:188} INFO - [2025-09-09T19:30:26.670+0000] {dagbag.py:355} ERROR - Failed to import: /opt/airflow/dags/steam_pipeline_dag.py
Traceback (most recent call last):
  File "/home/airflow/.local/lib/python3.12/site-packages/airflow/models/dagbag.py", line 351, in parse
    loader.exec_module(new_module)
  File "<frozen importlib._bootstrap_external>", line 995, in exec_module
  File "<frozen importlib._bootstrap>", line 488, in _call_with_frames_removed
  File "/opt/airflow/dags/steam_pipeline_dag.py", line 13, in <module>
    from etl.bronze_extract import extract_app
  File "/opt/airflow/etl/bronze_extract.py", line 3, in <module>
    from tqdm import tqdm
ModuleNotFoundError: No module named 'tqdm'
[2025-09-09T19:30:26.679+0000] {processor.py:842} WARNING - No viable dags retrieved from /opt/airflow/dags/steam_pipeline_dag.py
[2025-09-09T19:30:26.694+0000] {processor.py:183} INFO - Processing /opt/airflow/dags/steam_pipeline_dag.py took 0.075 seconds
[2025-09-09T19:30:56.839+0000] {processor.py:161} INFO - Started process (PID=220) to work on /opt/airflow/dags/steam_pipeline_dag.py
[2025-09-09T19:30:56.844+0000] {processor.py:830} INFO - Processing file /opt/airflow/dags/steam_pipeline_dag.py for tasks to queue
[2025-09-09T19:30:56.848+0000] {logging_mixin.py:188} INFO - [2025-09-09T19:30:56.848+0000] {dagbag.py:545} INFO - Filling up the DagBag from /opt/airflow/dags/steam_pipeline_dag.py
[2025-09-09T19:30:56.915+0000] {logging_mixin.py:188} INFO - [2025-09-09T19:30:56.906+0000] {dagbag.py:355} ERROR - Failed to import: /opt/airflow/dags/steam_pipeline_dag.py
Traceback (most recent call last):
  File "/home/airflow/.local/lib/python3.12/site-packages/airflow/models/dagbag.py", line 351, in parse
    loader.exec_module(new_module)
  File "<frozen importlib._bootstrap_external>", line 995, in exec_module
  File "<frozen importlib._bootstrap>", line 488, in _call_with_frames_removed
  File "/opt/airflow/dags/steam_pipeline_dag.py", line 13, in <module>
    from etl.bronze_extract import extract_app
  File "/opt/airflow/etl/bronze_extract.py", line 3, in <module>
    from tqdm import tqdm
ModuleNotFoundError: No module named 'tqdm'
[2025-09-09T19:30:56.917+0000] {processor.py:842} WARNING - No viable dags retrieved from /opt/airflow/dags/steam_pipeline_dag.py
[2025-09-09T19:30:56.931+0000] {processor.py:183} INFO - Processing /opt/airflow/dags/steam_pipeline_dag.py took 0.097 seconds
[2025-09-09T19:31:27.175+0000] {processor.py:161} INFO - Started process (PID=221) to work on /opt/airflow/dags/steam_pipeline_dag.py
[2025-09-09T19:31:27.176+0000] {processor.py:830} INFO - Processing file /opt/airflow/dags/steam_pipeline_dag.py for tasks to queue
[2025-09-09T19:31:27.178+0000] {logging_mixin.py:188} INFO - [2025-09-09T19:31:27.178+0000] {dagbag.py:545} INFO - Filling up the DagBag from /opt/airflow/dags/steam_pipeline_dag.py
[2025-09-09T19:31:27.228+0000] {logging_mixin.py:188} INFO - [2025-09-09T19:31:27.221+0000] {dagbag.py:355} ERROR - Failed to import: /opt/airflow/dags/steam_pipeline_dag.py
Traceback (most recent call last):
  File "/home/airflow/.local/lib/python3.12/site-packages/airflow/models/dagbag.py", line 351, in parse
    loader.exec_module(new_module)
  File "<frozen importlib._bootstrap_external>", line 995, in exec_module
  File "<frozen importlib._bootstrap>", line 488, in _call_with_frames_removed
  File "/opt/airflow/dags/steam_pipeline_dag.py", line 13, in <module>
    from etl.bronze_extract import extract_app
  File "/opt/airflow/etl/bronze_extract.py", line 3, in <module>
    from tqdm import tqdm
ModuleNotFoundError: No module named 'tqdm'
[2025-09-09T19:31:27.231+0000] {processor.py:842} WARNING - No viable dags retrieved from /opt/airflow/dags/steam_pipeline_dag.py
[2025-09-09T19:31:27.245+0000] {processor.py:183} INFO - Processing /opt/airflow/dags/steam_pipeline_dag.py took 0.075 seconds
[2025-09-09T19:31:57.418+0000] {processor.py:161} INFO - Started process (PID=222) to work on /opt/airflow/dags/steam_pipeline_dag.py
[2025-09-09T19:31:57.420+0000] {processor.py:830} INFO - Processing file /opt/airflow/dags/steam_pipeline_dag.py for tasks to queue
[2025-09-09T19:31:57.422+0000] {logging_mixin.py:188} INFO - [2025-09-09T19:31:57.422+0000] {dagbag.py:545} INFO - Filling up the DagBag from /opt/airflow/dags/steam_pipeline_dag.py
[2025-09-09T19:31:57.520+0000] {logging_mixin.py:188} INFO - [2025-09-09T19:31:57.501+0000] {dagbag.py:355} ERROR - Failed to import: /opt/airflow/dags/steam_pipeline_dag.py
Traceback (most recent call last):
  File "/home/airflow/.local/lib/python3.12/site-packages/airflow/models/dagbag.py", line 351, in parse
    loader.exec_module(new_module)
  File "<frozen importlib._bootstrap_external>", line 995, in exec_module
  File "<frozen importlib._bootstrap>", line 488, in _call_with_frames_removed
  File "/opt/airflow/dags/steam_pipeline_dag.py", line 13, in <module>
    from etl.bronze_extract import extract_app
  File "/opt/airflow/etl/bronze_extract.py", line 3, in <module>
    from tqdm import tqdm
ModuleNotFoundError: No module named 'tqdm'
[2025-09-09T19:31:57.527+0000] {processor.py:842} WARNING - No viable dags retrieved from /opt/airflow/dags/steam_pipeline_dag.py
[2025-09-09T19:31:57.548+0000] {processor.py:183} INFO - Processing /opt/airflow/dags/steam_pipeline_dag.py took 0.135 seconds
[2025-09-09T19:32:27.766+0000] {processor.py:161} INFO - Started process (PID=223) to work on /opt/airflow/dags/steam_pipeline_dag.py
[2025-09-09T19:32:27.770+0000] {processor.py:830} INFO - Processing file /opt/airflow/dags/steam_pipeline_dag.py for tasks to queue
[2025-09-09T19:32:27.773+0000] {logging_mixin.py:188} INFO - [2025-09-09T19:32:27.773+0000] {dagbag.py:545} INFO - Filling up the DagBag from /opt/airflow/dags/steam_pipeline_dag.py
[2025-09-09T19:32:27.838+0000] {logging_mixin.py:188} INFO - [2025-09-09T19:32:27.831+0000] {dagbag.py:355} ERROR - Failed to import: /opt/airflow/dags/steam_pipeline_dag.py
Traceback (most recent call last):
  File "/home/airflow/.local/lib/python3.12/site-packages/airflow/models/dagbag.py", line 351, in parse
    loader.exec_module(new_module)
  File "<frozen importlib._bootstrap_external>", line 995, in exec_module
  File "<frozen importlib._bootstrap>", line 488, in _call_with_frames_removed
  File "/opt/airflow/dags/steam_pipeline_dag.py", line 13, in <module>
    from etl.bronze_extract import extract_app
  File "/opt/airflow/etl/bronze_extract.py", line 3, in <module>
    from tqdm import tqdm
ModuleNotFoundError: No module named 'tqdm'
[2025-09-09T19:32:27.842+0000] {processor.py:842} WARNING - No viable dags retrieved from /opt/airflow/dags/steam_pipeline_dag.py
[2025-09-09T19:32:27.861+0000] {processor.py:183} INFO - Processing /opt/airflow/dags/steam_pipeline_dag.py took 0.101 seconds
[2025-09-09T19:32:58.103+0000] {processor.py:161} INFO - Started process (PID=224) to work on /opt/airflow/dags/steam_pipeline_dag.py
[2025-09-09T19:32:58.104+0000] {processor.py:830} INFO - Processing file /opt/airflow/dags/steam_pipeline_dag.py for tasks to queue
[2025-09-09T19:32:58.106+0000] {logging_mixin.py:188} INFO - [2025-09-09T19:32:58.105+0000] {dagbag.py:545} INFO - Filling up the DagBag from /opt/airflow/dags/steam_pipeline_dag.py
[2025-09-09T19:32:58.171+0000] {logging_mixin.py:188} INFO - [2025-09-09T19:32:58.164+0000] {dagbag.py:355} ERROR - Failed to import: /opt/airflow/dags/steam_pipeline_dag.py
Traceback (most recent call last):
  File "/home/airflow/.local/lib/python3.12/site-packages/airflow/models/dagbag.py", line 351, in parse
    loader.exec_module(new_module)
  File "<frozen importlib._bootstrap_external>", line 995, in exec_module
  File "<frozen importlib._bootstrap>", line 488, in _call_with_frames_removed
  File "/opt/airflow/dags/steam_pipeline_dag.py", line 13, in <module>
    from etl.bronze_extract import extract_app
  File "/opt/airflow/etl/bronze_extract.py", line 3, in <module>
    from tqdm import tqdm
ModuleNotFoundError: No module named 'tqdm'
[2025-09-09T19:32:58.174+0000] {processor.py:842} WARNING - No viable dags retrieved from /opt/airflow/dags/steam_pipeline_dag.py
[2025-09-09T19:32:58.192+0000] {processor.py:183} INFO - Processing /opt/airflow/dags/steam_pipeline_dag.py took 0.098 seconds
[2025-09-09T19:33:28.478+0000] {processor.py:161} INFO - Started process (PID=225) to work on /opt/airflow/dags/steam_pipeline_dag.py
[2025-09-09T19:33:28.482+0000] {processor.py:830} INFO - Processing file /opt/airflow/dags/steam_pipeline_dag.py for tasks to queue
[2025-09-09T19:33:28.485+0000] {logging_mixin.py:188} INFO - [2025-09-09T19:33:28.484+0000] {dagbag.py:545} INFO - Filling up the DagBag from /opt/airflow/dags/steam_pipeline_dag.py
[2025-09-09T19:33:28.575+0000] {logging_mixin.py:188} INFO - [2025-09-09T19:33:28.567+0000] {dagbag.py:355} ERROR - Failed to import: /opt/airflow/dags/steam_pipeline_dag.py
Traceback (most recent call last):
  File "/home/airflow/.local/lib/python3.12/site-packages/airflow/models/dagbag.py", line 351, in parse
    loader.exec_module(new_module)
  File "<frozen importlib._bootstrap_external>", line 995, in exec_module
  File "<frozen importlib._bootstrap>", line 488, in _call_with_frames_removed
  File "/opt/airflow/dags/steam_pipeline_dag.py", line 13, in <module>
    from etl.bronze_extract import extract_app
  File "/opt/airflow/etl/bronze_extract.py", line 3, in <module>
    from tqdm import tqdm
ModuleNotFoundError: No module named 'tqdm'
[2025-09-09T19:33:28.578+0000] {processor.py:842} WARNING - No viable dags retrieved from /opt/airflow/dags/steam_pipeline_dag.py
[2025-09-09T19:33:28.597+0000] {processor.py:183} INFO - Processing /opt/airflow/dags/steam_pipeline_dag.py took 0.125 seconds
[2025-09-09T19:33:58.804+0000] {processor.py:161} INFO - Started process (PID=226) to work on /opt/airflow/dags/steam_pipeline_dag.py
[2025-09-09T19:33:58.805+0000] {processor.py:830} INFO - Processing file /opt/airflow/dags/steam_pipeline_dag.py for tasks to queue
[2025-09-09T19:33:58.807+0000] {logging_mixin.py:188} INFO - [2025-09-09T19:33:58.806+0000] {dagbag.py:545} INFO - Filling up the DagBag from /opt/airflow/dags/steam_pipeline_dag.py
[2025-09-09T19:33:58.856+0000] {logging_mixin.py:188} INFO - [2025-09-09T19:33:58.846+0000] {dagbag.py:355} ERROR - Failed to import: /opt/airflow/dags/steam_pipeline_dag.py
Traceback (most recent call last):
  File "/home/airflow/.local/lib/python3.12/site-packages/airflow/models/dagbag.py", line 351, in parse
    loader.exec_module(new_module)
  File "<frozen importlib._bootstrap_external>", line 995, in exec_module
  File "<frozen importlib._bootstrap>", line 488, in _call_with_frames_removed
  File "/opt/airflow/dags/steam_pipeline_dag.py", line 13, in <module>
    from etl.bronze_extract import extract_app
  File "/opt/airflow/etl/bronze_extract.py", line 3, in <module>
    from tqdm import tqdm
ModuleNotFoundError: No module named 'tqdm'
[2025-09-09T19:33:58.858+0000] {processor.py:842} WARNING - No viable dags retrieved from /opt/airflow/dags/steam_pipeline_dag.py
[2025-09-09T19:33:58.875+0000] {processor.py:183} INFO - Processing /opt/airflow/dags/steam_pipeline_dag.py took 0.076 seconds
[2025-09-09T19:34:29.030+0000] {processor.py:161} INFO - Started process (PID=227) to work on /opt/airflow/dags/steam_pipeline_dag.py
[2025-09-09T19:34:29.031+0000] {processor.py:830} INFO - Processing file /opt/airflow/dags/steam_pipeline_dag.py for tasks to queue
[2025-09-09T19:34:29.033+0000] {logging_mixin.py:188} INFO - [2025-09-09T19:34:29.033+0000] {dagbag.py:545} INFO - Filling up the DagBag from /opt/airflow/dags/steam_pipeline_dag.py
[2025-09-09T19:34:29.074+0000] {logging_mixin.py:188} INFO - [2025-09-09T19:34:29.069+0000] {dagbag.py:355} ERROR - Failed to import: /opt/airflow/dags/steam_pipeline_dag.py
Traceback (most recent call last):
  File "/home/airflow/.local/lib/python3.12/site-packages/airflow/models/dagbag.py", line 351, in parse
    loader.exec_module(new_module)
  File "<frozen importlib._bootstrap_external>", line 995, in exec_module
  File "<frozen importlib._bootstrap>", line 488, in _call_with_frames_removed
  File "/opt/airflow/dags/steam_pipeline_dag.py", line 13, in <module>
    from etl.bronze_extract import extract_app
  File "/opt/airflow/etl/bronze_extract.py", line 3, in <module>
    from tqdm import tqdm
ModuleNotFoundError: No module named 'tqdm'
[2025-09-09T19:34:29.076+0000] {processor.py:842} WARNING - No viable dags retrieved from /opt/airflow/dags/steam_pipeline_dag.py
[2025-09-09T19:34:29.091+0000] {processor.py:183} INFO - Processing /opt/airflow/dags/steam_pipeline_dag.py took 0.067 seconds
[2025-09-09T19:34:59.278+0000] {processor.py:161} INFO - Started process (PID=228) to work on /opt/airflow/dags/steam_pipeline_dag.py
[2025-09-09T19:34:59.280+0000] {processor.py:830} INFO - Processing file /opt/airflow/dags/steam_pipeline_dag.py for tasks to queue
[2025-09-09T19:34:59.283+0000] {logging_mixin.py:188} INFO - [2025-09-09T19:34:59.282+0000] {dagbag.py:545} INFO - Filling up the DagBag from /opt/airflow/dags/steam_pipeline_dag.py
[2025-09-09T19:34:59.353+0000] {logging_mixin.py:188} INFO - [2025-09-09T19:34:59.348+0000] {dagbag.py:355} ERROR - Failed to import: /opt/airflow/dags/steam_pipeline_dag.py
Traceback (most recent call last):
  File "/home/airflow/.local/lib/python3.12/site-packages/airflow/models/dagbag.py", line 351, in parse
    loader.exec_module(new_module)
  File "<frozen importlib._bootstrap_external>", line 995, in exec_module
  File "<frozen importlib._bootstrap>", line 488, in _call_with_frames_removed
  File "/opt/airflow/dags/steam_pipeline_dag.py", line 13, in <module>
    from etl.bronze_extract import extract_app
  File "/opt/airflow/etl/bronze_extract.py", line 3, in <module>
    from tqdm import tqdm
ModuleNotFoundError: No module named 'tqdm'
[2025-09-09T19:34:59.355+0000] {processor.py:842} WARNING - No viable dags retrieved from /opt/airflow/dags/steam_pipeline_dag.py
[2025-09-09T19:34:59.369+0000] {processor.py:183} INFO - Processing /opt/airflow/dags/steam_pipeline_dag.py took 0.098 seconds
[2025-09-09T19:35:29.627+0000] {processor.py:161} INFO - Started process (PID=229) to work on /opt/airflow/dags/steam_pipeline_dag.py
[2025-09-09T19:35:29.628+0000] {processor.py:830} INFO - Processing file /opt/airflow/dags/steam_pipeline_dag.py for tasks to queue
[2025-09-09T19:35:29.631+0000] {logging_mixin.py:188} INFO - [2025-09-09T19:35:29.630+0000] {dagbag.py:545} INFO - Filling up the DagBag from /opt/airflow/dags/steam_pipeline_dag.py
[2025-09-09T19:35:29.698+0000] {logging_mixin.py:188} INFO - [2025-09-09T19:35:29.690+0000] {dagbag.py:355} ERROR - Failed to import: /opt/airflow/dags/steam_pipeline_dag.py
Traceback (most recent call last):
  File "/home/airflow/.local/lib/python3.12/site-packages/airflow/models/dagbag.py", line 351, in parse
    loader.exec_module(new_module)
  File "<frozen importlib._bootstrap_external>", line 995, in exec_module
  File "<frozen importlib._bootstrap>", line 488, in _call_with_frames_removed
  File "/opt/airflow/dags/steam_pipeline_dag.py", line 13, in <module>
    from etl.bronze_extract import extract_app
  File "/opt/airflow/etl/bronze_extract.py", line 3, in <module>
    from tqdm import tqdm
ModuleNotFoundError: No module named 'tqdm'
[2025-09-09T19:35:29.700+0000] {processor.py:842} WARNING - No viable dags retrieved from /opt/airflow/dags/steam_pipeline_dag.py
[2025-09-09T19:35:29.721+0000] {processor.py:183} INFO - Processing /opt/airflow/dags/steam_pipeline_dag.py took 0.102 seconds
[2025-09-09T19:35:59.944+0000] {processor.py:161} INFO - Started process (PID=230) to work on /opt/airflow/dags/steam_pipeline_dag.py
[2025-09-09T19:35:59.945+0000] {processor.py:830} INFO - Processing file /opt/airflow/dags/steam_pipeline_dag.py for tasks to queue
[2025-09-09T19:35:59.947+0000] {logging_mixin.py:188} INFO - [2025-09-09T19:35:59.947+0000] {dagbag.py:545} INFO - Filling up the DagBag from /opt/airflow/dags/steam_pipeline_dag.py
[2025-09-09T19:36:00.008+0000] {logging_mixin.py:188} INFO - [2025-09-09T19:35:59.999+0000] {dagbag.py:355} ERROR - Failed to import: /opt/airflow/dags/steam_pipeline_dag.py
Traceback (most recent call last):
  File "/home/airflow/.local/lib/python3.12/site-packages/airflow/models/dagbag.py", line 351, in parse
    loader.exec_module(new_module)
  File "<frozen importlib._bootstrap_external>", line 995, in exec_module
  File "<frozen importlib._bootstrap>", line 488, in _call_with_frames_removed
  File "/opt/airflow/dags/steam_pipeline_dag.py", line 13, in <module>
    from etl.bronze_extract import extract_app
  File "/opt/airflow/etl/bronze_extract.py", line 3, in <module>
    from tqdm import tqdm
ModuleNotFoundError: No module named 'tqdm'
[2025-09-09T19:36:00.010+0000] {processor.py:842} WARNING - No viable dags retrieved from /opt/airflow/dags/steam_pipeline_dag.py
[2025-09-09T19:36:00.029+0000] {processor.py:183} INFO - Processing /opt/airflow/dags/steam_pipeline_dag.py took 0.091 seconds
[2025-09-09T19:36:30.260+0000] {processor.py:161} INFO - Started process (PID=231) to work on /opt/airflow/dags/steam_pipeline_dag.py
[2025-09-09T19:36:30.262+0000] {processor.py:830} INFO - Processing file /opt/airflow/dags/steam_pipeline_dag.py for tasks to queue
[2025-09-09T19:36:30.264+0000] {logging_mixin.py:188} INFO - [2025-09-09T19:36:30.264+0000] {dagbag.py:545} INFO - Filling up the DagBag from /opt/airflow/dags/steam_pipeline_dag.py
[2025-09-09T19:36:30.318+0000] {logging_mixin.py:188} INFO - [2025-09-09T19:36:30.313+0000] {dagbag.py:355} ERROR - Failed to import: /opt/airflow/dags/steam_pipeline_dag.py
Traceback (most recent call last):
  File "/home/airflow/.local/lib/python3.12/site-packages/airflow/models/dagbag.py", line 351, in parse
    loader.exec_module(new_module)
  File "<frozen importlib._bootstrap_external>", line 995, in exec_module
  File "<frozen importlib._bootstrap>", line 488, in _call_with_frames_removed
  File "/opt/airflow/dags/steam_pipeline_dag.py", line 13, in <module>
    from etl.bronze_extract import extract_app
  File "/opt/airflow/etl/bronze_extract.py", line 3, in <module>
    from tqdm import tqdm
ModuleNotFoundError: No module named 'tqdm'
[2025-09-09T19:36:30.320+0000] {processor.py:842} WARNING - No viable dags retrieved from /opt/airflow/dags/steam_pipeline_dag.py
[2025-09-09T19:36:30.337+0000] {processor.py:183} INFO - Processing /opt/airflow/dags/steam_pipeline_dag.py took 0.083 seconds
